09:09:39 **** Build of configuration Debug for project trafficLight ****
make -j4 all 
arm-none-eabi-gcc "../Drivers/STM32F1xx_HAL_Driver/Src/stm32f1xx_hal.c" -mcpu=cortex-m3 -std=gnu11 -g3 -DDEBUG -DUSE_HAL_DRIVER -DSTM32F103x6 -c -I../Core/Inc -I../Drivers/STM32F1xx_HAL_Driver/Inc -I../Drivers/STM32F1xx_HAL_Driver/Inc/Legacy -I../Drivers/CMSIS/Device/ST/STM32F1xx/Include -I../Drivers/CMSIS/Include -O0 -ffunction-sections -fdata-sections -Wall -fstack-usage -MMD -MP -MF"Drivers/STM32F1xx_HAL_Driver/Src/stm32f1xx_hal.d" -MT"Drivers/STM32F1xx_HAL_Driver/Src/stm32f1xx_hal.o" --specs=nano.specs -mfloat-abi=soft -mthumb -o "Drivers/STM32F1xx_HAL_Driver/Src/stm32f1xx_hal.o"
arm-none-eabi-gcc "../Drivers/STM32F1xx_HAL_Driver/Src/stm32f1xx_hal_cortex.c" -mcpu=cortex-m3 -std=gnu11 -g3 -DDEBUG -DUSE_HAL_DRIVER -DSTM32F103x6 -c -I../Core/Inc -I../Drivers/STM32F1xx_HAL_Driver/Inc -I../Drivers/STM32F1xx_HAL_Driver/Inc/Legacy -I../Drivers/CMSIS/Device/ST/STM32F1xx/Include -I../Drivers/CMSIS/Include -O0 -ffunction-sections -fdata-sections -Wall -fstack-usage -MMD -MP -MF"Drivers/STM32F1xx_HAL_Driver/Src/stm32f1xx_hal_cortex.d" -MT"Drivers/STM32F1xx_HAL_Driver/Src/stm32f1xx_hal_cortex.o" --specs=nano.specs -mfloat-abi=soft -mthumb -o "Drivers/STM32F1xx_HAL_Driver/Src/stm32f1xx_hal_cortex.o"
arm-none-eabi-gcc "../Drivers/STM32F1xx_HAL_Driver/Src/stm32f1xx_hal_dma.c" -mcpu=cortex-m3 -std=gnu11 -g3 -DDEBUG -DUSE_HAL_DRIVER -DSTM32F103x6 -c -I../Core/Inc -I../Drivers/STM32F1xx_HAL_Driver/Inc -I../Drivers/STM32F1xx_HAL_Driver/Inc/Legacy -I../Drivers/CMSIS/Device/ST/STM32F1xx/Include -I../Drivers/CMSIS/Include -O0 -ffunction-sections -fdata-sections -Wall -fstack-usage -MMD -MP -MF"Drivers/STM32F1xx_HAL_Driver/Src/stm32f1xx_hal_dma.d" -MT"Drivers/STM32F1xx_HAL_Driver/Src/stm32f1xx_hal_dma.o" --specs=nano.specs -mfloat-abi=soft -mthumb -o "Drivers/STM32F1xx_HAL_Driver/Src/stm32f1xx_hal_dma.o"
arm-none-eabi-gcc "../Drivers/STM32F1xx_HAL_Driver/Src/stm32f1xx_hal_exti.c" -mcpu=cortex-m3 -std=gnu11 -g3 -DDEBUG -DUSE_HAL_DRIVER -DSTM32F103x6 -c -I../Core/Inc -I../Drivers/STM32F1xx_HAL_Driver/Inc -I../Drivers/STM32F1xx_HAL_Driver/Inc/Legacy -I../Drivers/CMSIS/Device/ST/STM32F1xx/Include -I../Drivers/CMSIS/Include -O0 -ffunction-sections -fdata-sections -Wall -fstack-usage -MMD -MP -MF"Drivers/STM32F1xx_HAL_Driver/Src/stm32f1xx_hal_exti.d" -MT"Drivers/STM32F1xx_HAL_Driver/Src/stm32f1xx_hal_exti.o" --specs=nano.specs -mfloat-abi=soft -mthumb -o "Drivers/STM32F1xx_HAL_Driver/Src/stm32f1xx_hal_exti.o"
arm-none-eabi-gcc "../Drivers/STM32F1xx_HAL_Driver/Src/stm32f1xx_hal_flash.c" -mcpu=cortex-m3 -std=gnu11 -g3 -DDEBUG -DUSE_HAL_DRIVER -DSTM32F103x6 -c -I../Core/Inc -I../Drivers/STM32F1xx_HAL_Driver/Inc -I../Drivers/STM32F1xx_HAL_Driver/Inc/Legacy -I../Drivers/CMSIS/Device/ST/STM32F1xx/Include -I../Drivers/CMSIS/Include -O0 -ffunction-sections -fdata-sections -Wall -fstack-usage -MMD -MP -MF"Drivers/STM32F1xx_HAL_Driver/Src/stm32f1xx_hal_flash.d" -MT"Drivers/STM32F1xx_HAL_Driver/Src/stm32f1xx_hal_flash.o" --specs=nano.specs -mfloat-abi=soft -mthumb -o "Drivers/STM32F1xx_HAL_Driver/Src/stm32f1xx_hal_flash.o"
arm-none-eabi-gcc "../Drivers/STM32F1xx_HAL_Driver/Src/stm32f1xx_hal_flash_ex.c" -mcpu=cortex-m3 -std=gnu11 -g3 -DDEBUG -DUSE_HAL_DRIVER -DSTM32F103x6 -c -I../Core/Inc -I../Drivers/STM32F1xx_HAL_Driver/Inc -I../Drivers/STM32F1xx_HAL_Driver/Inc/Legacy -I../Drivers/CMSIS/Device/ST/STM32F1xx/Include -I../Drivers/CMSIS/Include -O0 -ffunction-sections -fdata-sections -Wall -fstack-usage -MMD -MP -MF"Drivers/STM32F1xx_HAL_Driver/Src/stm32f1xx_hal_flash_ex.d" -MT"Drivers/STM32F1xx_HAL_Driver/Src/stm32f1xx_hal_flash_ex.o" --specs=nano.specs -mfloat-abi=soft -mthumb -o "Drivers/STM32F1xx_HAL_Driver/Src/stm32f1xx_hal_flash_ex.o"
arm-none-eabi-gcc "../Drivers/STM32F1xx_HAL_Driver/Src/stm32f1xx_hal_gpio.c" -mcpu=cortex-m3 -std=gnu11 -g3 -DDEBUG -DUSE_HAL_DRIVER -DSTM32F103x6 -c -I../Core/Inc -I../Drivers/STM32F1xx_HAL_Driver/Inc -I../Drivers/STM32F1xx_HAL_Driver/Inc/Legacy -I../Drivers/CMSIS/Device/ST/STM32F1xx/Include -I../Drivers/CMSIS/Include -O0 -ffunction-sections -fdata-sections -Wall -fstack-usage -MMD -MP -MF"Drivers/STM32F1xx_HAL_Driver/Src/stm32f1xx_hal_gpio.d" -MT"Drivers/STM32F1xx_HAL_Driver/Src/stm32f1xx_hal_gpio.o" --specs=nano.specs -mfloat-abi=soft -mthumb -o "Drivers/STM32F1xx_HAL_Driver/Src/stm32f1xx_hal_gpio.o"
arm-none-eabi-gcc "../Drivers/STM32F1xx_HAL_Driver/Src/stm32f1xx_hal_gpio_ex.c" -mcpu=cortex-m3 -std=gnu11 -g3 -DDEBUG -DUSE_HAL_DRIVER -DSTM32F103x6 -c -I../Core/Inc -I../Drivers/STM32F1xx_HAL_Driver/Inc -I../Drivers/STM32F1xx_HAL_Driver/Inc/Legacy -I../Drivers/CMSIS/Device/ST/STM32F1xx/Include -I../Drivers/CMSIS/Include -O0 -ffunction-sections -fdata-sections -Wall -fstack-usage -MMD -MP -MF"Drivers/STM32F1xx_HAL_Driver/Src/stm32f1xx_hal_gpio_ex.d" -MT"Drivers/STM32F1xx_HAL_Driver/Src/stm32f1xx_hal_gpio_ex.o" --specs=nano.specs -mfloat-abi=soft -mthumb -o "Drivers/STM32F1xx_HAL_Driver/Src/stm32f1xx_hal_gpio_ex.o"
arm-none-eabi-gcc "../Drivers/STM32F1xx_HAL_Driver/Src/stm32f1xx_hal_pwr.c" -mcpu=cortex-m3 -std=gnu11 -g3 -DDEBUG -DUSE_HAL_DRIVER -DSTM32F103x6 -c -I../Core/Inc -I../Drivers/STM32F1xx_HAL_Driver/Inc -I../Drivers/STM32F1xx_HAL_Driver/Inc/Legacy -I../Drivers/CMSIS/Device/ST/STM32F1xx/Include -I../Drivers/CMSIS/Include -O0 -ffunction-sections -fdata-sections -Wall -fstack-usage -MMD -MP -MF"Drivers/STM32F1xx_HAL_Driver/Src/stm32f1xx_hal_pwr.d" -MT"Drivers/STM32F1xx_HAL_Driver/Src/stm32f1xx_hal_pwr.o" --specs=nano.specs -mfloat-abi=soft -mthumb -o "Drivers/STM32F1xx_HAL_Driver/Src/stm32f1xx_hal_pwr.o"
arm-none-eabi-gcc "../Drivers/STM32F1xx_HAL_Driver/Src/stm32f1xx_hal_rcc.c" -mcpu=cortex-m3 -std=gnu11 -g3 -DDEBUG -DUSE_HAL_DRIVER -DSTM32F103x6 -c -I../Core/Inc -I../Drivers/STM32F1xx_HAL_Driver/Inc -I../Drivers/STM32F1xx_HAL_Driver/Inc/Legacy -I../Drivers/CMSIS/Device/ST/STM32F1xx/Include -I../Drivers/CMSIS/Include -O0 -ffunction-sections -fdata-sections -Wall -fstack-usage -MMD -MP -MF"Drivers/STM32F1xx_HAL_Driver/Src/stm32f1xx_hal_rcc.d" -MT"Drivers/STM32F1xx_HAL_Driver/Src/stm32f1xx_hal_rcc.o" --specs=nano.specs -mfloat-abi=soft -mthumb -o "Drivers/STM32F1xx_HAL_Driver/Src/stm32f1xx_hal_rcc.o"
arm-none-eabi-gcc "../Drivers/STM32F1xx_HAL_Driver/Src/stm32f1xx_hal_rcc_ex.c" -mcpu=cortex-m3 -std=gnu11 -g3 -DDEBUG -DUSE_HAL_DRIVER -DSTM32F103x6 -c -I../Core/Inc -I../Drivers/STM32F1xx_HAL_Driver/Inc -I../Drivers/STM32F1xx_HAL_Driver/Inc/Legacy -I../Drivers/CMSIS/Device/ST/STM32F1xx/Include -I../Drivers/CMSIS/Include -O0 -ffunction-sections -fdata-sections -Wall -fstack-usage -MMD -MP -MF"Drivers/STM32F1xx_HAL_Driver/Src/stm32f1xx_hal_rcc_ex.d" -MT"Drivers/STM32F1xx_HAL_Driver/Src/stm32f1xx_hal_rcc_ex.o" --specs=nano.specs -mfloat-abi=soft -mthumb -o "Drivers/STM32F1xx_HAL_Driver/Src/stm32f1xx_hal_rcc_ex.o"
arm-none-eabi-gcc "../Drivers/STM32F1xx_HAL_Driver/Src/stm32f1xx_hal_tim.c" -mcpu=cortex-m3 -std=gnu11 -g3 -DDEBUG -DUSE_HAL_DRIVER -DSTM32F103x6 -c -I../Core/Inc -I../Drivers/STM32F1xx_HAL_Driver/Inc -I../Drivers/STM32F1xx_HAL_Driver/Inc/Legacy -I../Drivers/CMSIS/Device/ST/STM32F1xx/Include -I../Drivers/CMSIS/Include -O0 -ffunction-sections -fdata-sections -Wall -fstack-usage -MMD -MP -MF"Drivers/STM32F1xx_HAL_Driver/Src/stm32f1xx_hal_tim.d" -MT"Drivers/STM32F1xx_HAL_Driver/Src/stm32f1xx_hal_tim.o" --specs=nano.specs -mfloat-abi=soft -mthumb -o "Drivers/STM32F1xx_HAL_Driver/Src/stm32f1xx_hal_tim.o"
arm-none-eabi-gcc "../Drivers/STM32F1xx_HAL_Driver/Src/stm32f1xx_hal_tim_ex.c" -mcpu=cortex-m3 -std=gnu11 -g3 -DDEBUG -DUSE_HAL_DRIVER -DSTM32F103x6 -c -I../Core/Inc -I../Drivers/STM32F1xx_HAL_Driver/Inc -I../Drivers/STM32F1xx_HAL_Driver/Inc/Legacy -I../Drivers/CMSIS/Device/ST/STM32F1xx/Include -I../Drivers/CMSIS/Include -O0 -ffunction-sections -fdata-sections -Wall -fstack-usage -MMD -MP -MF"Drivers/STM32F1xx_HAL_Driver/Src/stm32f1xx_hal_tim_ex.d" -MT"Drivers/STM32F1xx_HAL_Driver/Src/stm32f1xx_hal_tim_ex.o" --specs=nano.specs -mfloat-abi=soft -mthumb -o "Drivers/STM32F1xx_HAL_Driver/Src/stm32f1xx_hal_tim_ex.o"
arm-none-eabi-gcc -mcpu=cortex-m3 -g3 -DDEBUG -c -x assembler-with-cpp -MMD -MP -MF"Core/Startup/startup_stm32f103c6ux.d" -MT"Core/Startup/startup_stm32f103c6ux.o" --specs=nano.specs -mfloat-abi=soft -mthumb -o "Core/Startup/startup_stm32f103c6ux.o" "../Core/Startup/startup_stm32f103c6ux.s"
arm-none-eabi-gcc "../Core/Src/input_processing.c" -mcpu=cortex-m3 -std=gnu11 -g3 -DDEBUG -DUSE_HAL_DRIVER -DSTM32F103x6 -c -I../Core/Inc -I../Drivers/STM32F1xx_HAL_Driver/Inc -I../Drivers/STM32F1xx_HAL_Driver/Inc/Legacy -I../Drivers/CMSIS/Device/ST/STM32F1xx/Include -I../Drivers/CMSIS/Include -O0 -ffunction-sections -fdata-sections -Wall -fstack-usage -MMD -MP -MF"Core/Src/input_processing.d" -MT"Core/Src/input_processing.o" --specs=nano.specs -mfloat-abi=soft -mthumb -o "Core/Src/input_processing.o"
arm-none-eabi-gcc "../Core/Src/input_reading.c" -mcpu=cortex-m3 -std=gnu11 -g3 -DDEBUG -DUSE_HAL_DRIVER -DSTM32F103x6 -c -I../Core/Inc -I../Drivers/STM32F1xx_HAL_Driver/Inc -I../Drivers/STM32F1xx_HAL_Driver/Inc/Legacy -I../Drivers/CMSIS/Device/ST/STM32F1xx/Include -I../Drivers/CMSIS/Include -O0 -ffunction-sections -fdata-sections -Wall -fstack-usage -MMD -MP -MF"Core/Src/input_reading.d" -MT"Core/Src/input_reading.o" --specs=nano.specs -mfloat-abi=soft -mthumb -o "Core/Src/input_reading.o"
../Core/Src/input_reading.c: In function 'button_reading':
../Core/Src/input_reading.c:29:24: warning: array subscript has type 'char' [-Wchar-subscripts]
   29 |   debounceButtonBuffer2[i] =debounceButtonBuffer1[i];
      |                        ^
../Core/Src/input_reading.c:29:50: warning: array subscript has type 'char' [-Wchar-subscripts]
   29 |   debounceButtonBuffer2[i] =debounceButtonBuffer1[i];
      |                                                  ^
../Core/Src/input_reading.c:30:24: warning: array subscript has type 'char' [-Wchar-subscripts]
   30 |   debounceButtonBuffer1[i] = HAL_GPIO_ReadPin(BUTTON_1_GPIO_Port, BUTTON_1_Pin);
      |                        ^
arm-none-eabi-gcc "../Core/Src/main.c" -mcpu=cortex-m3 -std=gnu11 -g3 -DDEBUG -DUSE_HAL_DRIVER -DSTM32F103x6 -c -I../Core/Inc -I../Drivers/STM32F1xx_HAL_Driver/Inc -I../Drivers/STM32F1xx_HAL_Driver/Inc/Legacy -I../Drivers/CMSIS/Device/ST/STM32F1xx/Include -I../Drivers/CMSIS/Include -O0 -ffunction-sections -fdata-sections -Wall -fstack-usage -MMD -MP -MF"Core/Src/main.d" -MT"Core/Src/main.o" --specs=nano.specs -mfloat-abi=soft -mthumb -o "Core/Src/main.o"
../Core/Src/input_reading.c:30:47: error: 'BUTTON_1_GPIO_Port' undeclared (first use in this function)
   30 |   debounceButtonBuffer1[i] = HAL_GPIO_ReadPin(BUTTON_1_GPIO_Port, BUTTON_1_Pin);
      |                                               ^~~~~~~~~~~~~~~~~~
../Core/Src/input_reading.c:30:47: note: each undeclared identifier is reported only once for each function it appears in
../Core/Src/input_reading.c:30:67: error: 'BUTTON_1_Pin' undeclared (first use in this function)
   30 |   debounceButtonBuffer1[i] = HAL_GPIO_ReadPin(BUTTON_1_GPIO_Port, BUTTON_1_Pin);
      |                                                                   ^~~~~~~~~~~~
../Core/Src/input_reading.c:31:27: warning: array subscript has type 'char' [-Wchar-subscripts]
   31 |   if(debounceButtonBuffer1[i] == debounceButtonBuffer2[i])
      |                           ^
../Core/Src/input_reading.c:31:55: warning: array subscript has type 'char' [-Wchar-subscripts]
   31 |   if(debounceButtonBuffer1[i] == debounceButtonBuffer2[i])
      |                                                       ^
../Core/Src/input_reading.c:32:16: warning: array subscript has type 'char' [-Wchar-subscripts]
   32 |    buttonBuffer[i] = debounceButtonBuffer1[i];
      |                ^
../Core/Src/input_reading.c:32:43: warning: array subscript has type 'char' [-Wchar-subscripts]
   32 |    buttonBuffer[i] = debounceButtonBuffer1[i];
      |                                           ^
../Core/Src/input_reading.c:31:3: warning: this 'if' clause does not guard... [-Wmisleading-indentation]
   31 |   if(debounceButtonBuffer1[i] == debounceButtonBuffer2[i])
      |   ^~
../Core/Src/input_reading.c:33:4: note: ...this statement, but the latter is misleadingly indented as if it were guarded by the 'if'
   33 |    if(buttonBuffer[i] == BUTTON_IS_PRESSED){
      |    ^~
../Core/Src/input_reading.c:33:19: warning: array subscript has type 'char' [-Wchar-subscripts]
   33 |    if(buttonBuffer[i] == BUTTON_IS_PRESSED){
      |                   ^
../Core/Src/input_reading.c:35:31: warning: array subscript has type 'char' [-Wchar-subscripts]
   35 |     if(counterForButtonPress1s[i] < DURATION_FOR_AUTO_INCREASING){
      |                               ^
../Core/Src/input_reading.c:36:29: warning: array subscript has type 'char' [-Wchar-subscripts]
   36 |      counterForButtonPress1s[i]++;
      |                             ^
../Core/Src/input_reading.c:40:26: warning: array subscript has type 'char' [-Wchar-subscripts]
   40 |      flagForButtonPress1s[i] = 1;
      |                          ^
../Core/Src/input_reading.c:44:28: warning: array subscript has type 'char' [-Wchar-subscripts]
   44 |     counterForButtonPress1s[i] = 0;
      |                            ^
../Core/Src/input_reading.c:45:25: warning: array subscript has type 'char' [-Wchar-subscripts]
   45 |     flagForButtonPress1s[i] = 0;
      |                         ^
make: *** [Core/Src/subdir.mk:46: Core/Src/input_reading.o] Error 1
make: *** Waiting for unfinished jobs....
In file included from ../Core/Src/main.c:25:
../Core/Inc/software_timer.h:11:12: warning: 'timer0_flag' initialized and declared 'extern'
   11 | extern int timer0_flag = 0;
      |            ^~~~~~~~~~~
"make -j4 all" terminated with exit code 2. Build might be incomplete.
09:12:37 **** Incremental Build of configuration Debug for project trafficLight ****
make -j4 all 
arm-none-eabi-gcc "../Drivers/STM32F1xx_HAL_Driver/Src/stm32f1xx_hal.c" -mcpu=cortex-m3 -std=gnu11 -g3 -DDEBUG -DUSE_HAL_DRIVER -DSTM32F103x6 -c -I../Core/Inc -I../Drivers/STM32F1xx_HAL_Driver/Inc -I../Drivers/STM32F1xx_HAL_Driver/Inc/Legacy -I../Drivers/CMSIS/Device/ST/STM32F1xx/Include -I../Drivers/CMSIS/Include -O0 -ffunction-sections -fdata-sections -Wall -fstack-usage -MMD -MP -MF"Drivers/STM32F1xx_HAL_Driver/Src/stm32f1xx_hal.d" -MT"Drivers/STM32F1xx_HAL_Driver/Src/stm32f1xx_hal.o" --specs=nano.specs -mfloat-abi=soft -mthumb -o "Drivers/STM32F1xx_HAL_Driver/Src/stm32f1xx_hal.o"
arm-none-eabi-gcc "../Drivers/STM32F1xx_HAL_Driver/Src/stm32f1xx_hal_cortex.c" -mcpu=cortex-m3 -std=gnu11 -g3 -DDEBUG -DUSE_HAL_DRIVER -DSTM32F103x6 -c -I../Core/Inc -I../Drivers/STM32F1xx_HAL_Driver/Inc -I../Drivers/STM32F1xx_HAL_Driver/Inc/Legacy -I../Drivers/CMSIS/Device/ST/STM32F1xx/Include -I../Drivers/CMSIS/Include -O0 -ffunction-sections -fdata-sections -Wall -fstack-usage -MMD -MP -MF"Drivers/STM32F1xx_HAL_Driver/Src/stm32f1xx_hal_cortex.d" -MT"Drivers/STM32F1xx_HAL_Driver/Src/stm32f1xx_hal_cortex.o" --specs=nano.specs -mfloat-abi=soft -mthumb -o "Drivers/STM32F1xx_HAL_Driver/Src/stm32f1xx_hal_cortex.o"
arm-none-eabi-gcc "../Drivers/STM32F1xx_HAL_Driver/Src/stm32f1xx_hal_dma.c" -mcpu=cortex-m3 -std=gnu11 -g3 -DDEBUG -DUSE_HAL_DRIVER -DSTM32F103x6 -c -I../Core/Inc -I../Drivers/STM32F1xx_HAL_Driver/Inc -I../Drivers/STM32F1xx_HAL_Driver/Inc/Legacy -I../Drivers/CMSIS/Device/ST/STM32F1xx/Include -I../Drivers/CMSIS/Include -O0 -ffunction-sections -fdata-sections -Wall -fstack-usage -MMD -MP -MF"Drivers/STM32F1xx_HAL_Driver/Src/stm32f1xx_hal_dma.d" -MT"Drivers/STM32F1xx_HAL_Driver/Src/stm32f1xx_hal_dma.o" --specs=nano.specs -mfloat-abi=soft -mthumb -o "Drivers/STM32F1xx_HAL_Driver/Src/stm32f1xx_hal_dma.o"
arm-none-eabi-gcc "../Drivers/STM32F1xx_HAL_Driver/Src/stm32f1xx_hal_exti.c" -mcpu=cortex-m3 -std=gnu11 -g3 -DDEBUG -DUSE_HAL_DRIVER -DSTM32F103x6 -c -I../Core/Inc -I../Drivers/STM32F1xx_HAL_Driver/Inc -I../Drivers/STM32F1xx_HAL_Driver/Inc/Legacy -I../Drivers/CMSIS/Device/ST/STM32F1xx/Include -I../Drivers/CMSIS/Include -O0 -ffunction-sections -fdata-sections -Wall -fstack-usage -MMD -MP -MF"Drivers/STM32F1xx_HAL_Driver/Src/stm32f1xx_hal_exti.d" -MT"Drivers/STM32F1xx_HAL_Driver/Src/stm32f1xx_hal_exti.o" --specs=nano.specs -mfloat-abi=soft -mthumb -o "Drivers/STM32F1xx_HAL_Driver/Src/stm32f1xx_hal_exti.o"
arm-none-eabi-gcc "../Drivers/STM32F1xx_HAL_Driver/Src/stm32f1xx_hal_flash.c" -mcpu=cortex-m3 -std=gnu11 -g3 -DDEBUG -DUSE_HAL_DRIVER -DSTM32F103x6 -c -I../Core/Inc -I../Drivers/STM32F1xx_HAL_Driver/Inc -I../Drivers/STM32F1xx_HAL_Driver/Inc/Legacy -I../Drivers/CMSIS/Device/ST/STM32F1xx/Include -I../Drivers/CMSIS/Include -O0 -ffunction-sections -fdata-sections -Wall -fstack-usage -MMD -MP -MF"Drivers/STM32F1xx_HAL_Driver/Src/stm32f1xx_hal_flash.d" -MT"Drivers/STM32F1xx_HAL_Driver/Src/stm32f1xx_hal_flash.o" --specs=nano.specs -mfloat-abi=soft -mthumb -o "Drivers/STM32F1xx_HAL_Driver/Src/stm32f1xx_hal_flash.o"
arm-none-eabi-gcc "../Drivers/STM32F1xx_HAL_Driver/Src/stm32f1xx_hal_flash_ex.c" -mcpu=cortex-m3 -std=gnu11 -g3 -DDEBUG -DUSE_HAL_DRIVER -DSTM32F103x6 -c -I../Core/Inc -I../Drivers/STM32F1xx_HAL_Driver/Inc -I../Drivers/STM32F1xx_HAL_Driver/Inc/Legacy -I../Drivers/CMSIS/Device/ST/STM32F1xx/Include -I../Drivers/CMSIS/Include -O0 -ffunction-sections -fdata-sections -Wall -fstack-usage -MMD -MP -MF"Drivers/STM32F1xx_HAL_Driver/Src/stm32f1xx_hal_flash_ex.d" -MT"Drivers/STM32F1xx_HAL_Driver/Src/stm32f1xx_hal_flash_ex.o" --specs=nano.specs -mfloat-abi=soft -mthumb -o "Drivers/STM32F1xx_HAL_Driver/Src/stm32f1xx_hal_flash_ex.o"
arm-none-eabi-gcc "../Drivers/STM32F1xx_HAL_Driver/Src/stm32f1xx_hal_gpio.c" -mcpu=cortex-m3 -std=gnu11 -g3 -DDEBUG -DUSE_HAL_DRIVER -DSTM32F103x6 -c -I../Core/Inc -I../Drivers/STM32F1xx_HAL_Driver/Inc -I../Drivers/STM32F1xx_HAL_Driver/Inc/Legacy -I../Drivers/CMSIS/Device/ST/STM32F1xx/Include -I../Drivers/CMSIS/Include -O0 -ffunction-sections -fdata-sections -Wall -fstack-usage -MMD -MP -MF"Drivers/STM32F1xx_HAL_Driver/Src/stm32f1xx_hal_gpio.d" -MT"Drivers/STM32F1xx_HAL_Driver/Src/stm32f1xx_hal_gpio.o" --specs=nano.specs -mfloat-abi=soft -mthumb -o "Drivers/STM32F1xx_HAL_Driver/Src/stm32f1xx_hal_gpio.o"
arm-none-eabi-gcc "../Drivers/STM32F1xx_HAL_Driver/Src/stm32f1xx_hal_gpio_ex.c" -mcpu=cortex-m3 -std=gnu11 -g3 -DDEBUG -DUSE_HAL_DRIVER -DSTM32F103x6 -c -I../Core/Inc -I../Drivers/STM32F1xx_HAL_Driver/Inc -I../Drivers/STM32F1xx_HAL_Driver/Inc/Legacy -I../Drivers/CMSIS/Device/ST/STM32F1xx/Include -I../Drivers/CMSIS/Include -O0 -ffunction-sections -fdata-sections -Wall -fstack-usage -MMD -MP -MF"Drivers/STM32F1xx_HAL_Driver/Src/stm32f1xx_hal_gpio_ex.d" -MT"Drivers/STM32F1xx_HAL_Driver/Src/stm32f1xx_hal_gpio_ex.o" --specs=nano.specs -mfloat-abi=soft -mthumb -o "Drivers/STM32F1xx_HAL_Driver/Src/stm32f1xx_hal_gpio_ex.o"
arm-none-eabi-gcc "../Drivers/STM32F1xx_HAL_Driver/Src/stm32f1xx_hal_pwr.c" -mcpu=cortex-m3 -std=gnu11 -g3 -DDEBUG -DUSE_HAL_DRIVER -DSTM32F103x6 -c -I../Core/Inc -I../Drivers/STM32F1xx_HAL_Driver/Inc -I../Drivers/STM32F1xx_HAL_Driver/Inc/Legacy -I../Drivers/CMSIS/Device/ST/STM32F1xx/Include -I../Drivers/CMSIS/Include -O0 -ffunction-sections -fdata-sections -Wall -fstack-usage -MMD -MP -MF"Drivers/STM32F1xx_HAL_Driver/Src/stm32f1xx_hal_pwr.d" -MT"Drivers/STM32F1xx_HAL_Driver/Src/stm32f1xx_hal_pwr.o" --specs=nano.specs -mfloat-abi=soft -mthumb -o "Drivers/STM32F1xx_HAL_Driver/Src/stm32f1xx_hal_pwr.o"
arm-none-eabi-gcc "../Drivers/STM32F1xx_HAL_Driver/Src/stm32f1xx_hal_rcc.c" -mcpu=cortex-m3 -std=gnu11 -g3 -DDEBUG -DUSE_HAL_DRIVER -DSTM32F103x6 -c -I../Core/Inc -I../Drivers/STM32F1xx_HAL_Driver/Inc -I../Drivers/STM32F1xx_HAL_Driver/Inc/Legacy -I../Drivers/CMSIS/Device/ST/STM32F1xx/Include -I../Drivers/CMSIS/Include -O0 -ffunction-sections -fdata-sections -Wall -fstack-usage -MMD -MP -MF"Drivers/STM32F1xx_HAL_Driver/Src/stm32f1xx_hal_rcc.d" -MT"Drivers/STM32F1xx_HAL_Driver/Src/stm32f1xx_hal_rcc.o" --specs=nano.specs -mfloat-abi=soft -mthumb -o "Drivers/STM32F1xx_HAL_Driver/Src/stm32f1xx_hal_rcc.o"
arm-none-eabi-gcc "../Drivers/STM32F1xx_HAL_Driver/Src/stm32f1xx_hal_rcc_ex.c" -mcpu=cortex-m3 -std=gnu11 -g3 -DDEBUG -DUSE_HAL_DRIVER -DSTM32F103x6 -c -I../Core/Inc -I../Drivers/STM32F1xx_HAL_Driver/Inc -I../Drivers/STM32F1xx_HAL_Driver/Inc/Legacy -I../Drivers/CMSIS/Device/ST/STM32F1xx/Include -I../Drivers/CMSIS/Include -O0 -ffunction-sections -fdata-sections -Wall -fstack-usage -MMD -MP -MF"Drivers/STM32F1xx_HAL_Driver/Src/stm32f1xx_hal_rcc_ex.d" -MT"Drivers/STM32F1xx_HAL_Driver/Src/stm32f1xx_hal_rcc_ex.o" --specs=nano.specs -mfloat-abi=soft -mthumb -o "Drivers/STM32F1xx_HAL_Driver/Src/stm32f1xx_hal_rcc_ex.o"
arm-none-eabi-gcc "../Drivers/STM32F1xx_HAL_Driver/Src/stm32f1xx_hal_tim.c" -mcpu=cortex-m3 -std=gnu11 -g3 -DDEBUG -DUSE_HAL_DRIVER -DSTM32F103x6 -c -I../Core/Inc -I../Drivers/STM32F1xx_HAL_Driver/Inc -I../Drivers/STM32F1xx_HAL_Driver/Inc/Legacy -I../Drivers/CMSIS/Device/ST/STM32F1xx/Include -I../Drivers/CMSIS/Include -O0 -ffunction-sections -fdata-sections -Wall -fstack-usage -MMD -MP -MF"Drivers/STM32F1xx_HAL_Driver/Src/stm32f1xx_hal_tim.d" -MT"Drivers/STM32F1xx_HAL_Driver/Src/stm32f1xx_hal_tim.o" --specs=nano.specs -mfloat-abi=soft -mthumb -o "Drivers/STM32F1xx_HAL_Driver/Src/stm32f1xx_hal_tim.o"
arm-none-eabi-gcc "../Drivers/STM32F1xx_HAL_Driver/Src/stm32f1xx_hal_tim_ex.c" -mcpu=cortex-m3 -std=gnu11 -g3 -DDEBUG -DUSE_HAL_DRIVER -DSTM32F103x6 -c -I../Core/Inc -I../Drivers/STM32F1xx_HAL_Driver/Inc -I../Drivers/STM32F1xx_HAL_Driver/Inc/Legacy -I../Drivers/CMSIS/Device/ST/STM32F1xx/Include -I../Drivers/CMSIS/Include -O0 -ffunction-sections -fdata-sections -Wall -fstack-usage -MMD -MP -MF"Drivers/STM32F1xx_HAL_Driver/Src/stm32f1xx_hal_tim_ex.d" -MT"Drivers/STM32F1xx_HAL_Driver/Src/stm32f1xx_hal_tim_ex.o" --specs=nano.specs -mfloat-abi=soft -mthumb -o "Drivers/STM32F1xx_HAL_Driver/Src/stm32f1xx_hal_tim_ex.o"
arm-none-eabi-gcc "../Core/Src/input_processing.c" -mcpu=cortex-m3 -std=gnu11 -g3 -DDEBUG -DUSE_HAL_DRIVER -DSTM32F103x6 -c -I../Core/Inc -I../Drivers/STM32F1xx_HAL_Driver/Inc -I../Drivers/STM32F1xx_HAL_Driver/Inc/Legacy -I../Drivers/CMSIS/Device/ST/STM32F1xx/Include -I../Drivers/CMSIS/Include -O0 -ffunction-sections -fdata-sections -Wall -fstack-usage -MMD -MP -MF"Core/Src/input_processing.d" -MT"Core/Src/input_processing.o" --specs=nano.specs -mfloat-abi=soft -mthumb -o "Core/Src/input_processing.o"
arm-none-eabi-gcc "../Core/Src/input_reading.c" -mcpu=cortex-m3 -std=gnu11 -g3 -DDEBUG -DUSE_HAL_DRIVER -DSTM32F103x6 -c -I../Core/Inc -I../Drivers/STM32F1xx_HAL_Driver/Inc -I../Drivers/STM32F1xx_HAL_Driver/Inc/Legacy -I../Drivers/CMSIS/Device/ST/STM32F1xx/Include -I../Drivers/CMSIS/Include -O0 -ffunction-sections -fdata-sections -Wall -fstack-usage -MMD -MP -MF"Core/Src/input_reading.d" -MT"Core/Src/input_reading.o" --specs=nano.specs -mfloat-abi=soft -mthumb -o "Core/Src/input_reading.o"
../Core/Src/input_reading.c: In function 'button_reading':
../Core/Src/input_reading.c:29:24: warning: array subscript has type 'char' [-Wchar-subscripts]
   29 |   debounceButtonBuffer2[i] =debounceButtonBuffer1[i];
      |                        ^
../Core/Src/input_reading.c:29:50: warning: array subscript has type 'char' [-Wchar-subscripts]
   29 |   debounceButtonBuffer2[i] =debounceButtonBuffer1[i];
      |                                                  ^
../Core/Src/input_reading.c:30:24: warning: array subscript has type 'char' [-Wchar-subscripts]
   30 |   debounceButtonBuffer1[i] = HAL_GPIO_ReadPin(BUTTON_1_GPIO_Port, BUTTON_1_Pin);
      |                        ^
../Core/Src/input_reading.c:31:27: warning: array subscript has type 'char' [-Wchar-subscripts]
   31 |   if(debounceButtonBuffer1[i] == debounceButtonBuffer2[i])
      |                           ^
../Core/Src/input_reading.c:31:55: warning: array subscript has type 'char' [-Wchar-subscripts]
   31 |   if(debounceButtonBuffer1[i] == debounceButtonBuffer2[i])
      |                                                       ^
../Core/Src/input_reading.c:32:16: warning: array subscript has type 'char' [-Wchar-subscripts]
   32 |    buttonBuffer[i] = debounceButtonBuffer1[i];
      |                ^
../Core/Src/input_reading.c:32:43: warning: array subscript has type 'char' [-Wchar-subscripts]
   32 |    buttonBuffer[i] = debounceButtonBuffer1[i];
      |                                           ^
../Core/Src/input_reading.c:31:3: warning: this 'if' clause does not guard... [-Wmisleading-indentation]
   31 |   if(debounceButtonBuffer1[i] == debounceButtonBuffer2[i])
      |   ^~
../Core/Src/input_reading.c:33:4: note: ...this statement, but the latter is misleadingly indented as if it were guarded by the 'if'
   33 |    if(buttonBuffer[i] == BUTTON_IS_PRESSED){
      |    ^~
../Core/Src/input_reading.c:33:19: warning: array subscript has type 'char' [-Wchar-subscripts]
   33 |    if(buttonBuffer[i] == BUTTON_IS_PRESSED){
      |                   ^
../Core/Src/input_reading.c:35:31: warning: array subscript has type 'char' [-Wchar-subscripts]
   35 |     if(counterForButtonPress1s[i] < DURATION_FOR_AUTO_INCREASING){
      |                               ^
../Core/Src/input_reading.c:36:29: warning: array subscript has type 'char' [-Wchar-subscripts]
   36 |      counterForButtonPress1s[i]++;
      |                             ^
../Core/Src/input_reading.c:40:26: warning: array subscript has type 'char' [-Wchar-subscripts]
   40 |      flagForButtonPress1s[i] = 1;
      |                          ^
../Core/Src/input_reading.c:44:28: warning: array subscript has type 'char' [-Wchar-subscripts]
   44 |     counterForButtonPress1s[i] = 0;
      |                            ^
../Core/Src/input_reading.c:45:25: warning: array subscript has type 'char' [-Wchar-subscripts]
   45 |     flagForButtonPress1s[i] = 0;
      |                         ^
arm-none-eabi-gcc "../Core/Src/main.c" -mcpu=cortex-m3 -std=gnu11 -g3 -DDEBUG -DUSE_HAL_DRIVER -DSTM32F103x6 -c -I../Core/Inc -I../Drivers/STM32F1xx_HAL_Driver/Inc -I../Drivers/STM32F1xx_HAL_Driver/Inc/Legacy -I../Drivers/CMSIS/Device/ST/STM32F1xx/Include -I../Drivers/CMSIS/Include -O0 -ffunction-sections -fdata-sections -Wall -fstack-usage -MMD -MP -MF"Core/Src/main.d" -MT"Core/Src/main.o" --specs=nano.specs -mfloat-abi=soft -mthumb -o "Core/Src/main.o"
arm-none-eabi-gcc "../Core/Src/software_timer.c" -mcpu=cortex-m3 -std=gnu11 -g3 -DDEBUG -DUSE_HAL_DRIVER -DSTM32F103x6 -c -I../Core/Inc -I../Drivers/STM32F1xx_HAL_Driver/Inc -I../Drivers/STM32F1xx_HAL_Driver/Inc/Legacy -I../Drivers/CMSIS/Device/ST/STM32F1xx/Include -I../Drivers/CMSIS/Include -O0 -ffunction-sections -fdata-sections -Wall -fstack-usage -MMD -MP -MF"Core/Src/software_timer.d" -MT"Core/Src/software_timer.o" --specs=nano.specs -mfloat-abi=soft -mthumb -o "Core/Src/software_timer.o"
../Core/Src/software_timer.c: In function 'setTimer0':
../Core/Src/software_timer.c:17:17: error: 'duraton' undeclared (first use in this function); did you mean 'duration'?
   17 |  timer0_counter=duraton/TICK;
      |                 ^~~~~~~
      |                 duration
../Core/Src/software_timer.c:17:17: note: each undeclared identifier is reported only once for each function it appears in
make: *** [Core/Src/subdir.mk:46: Core/Src/software_timer.o] Error 1
make: *** Waiting for unfinished jobs....
"make -j4 all" terminated with exit code 2. Build might be incomplete.
09:12:55 **** Incremental Build of configuration Debug for project trafficLight ****
make -j4 all 
arm-none-eabi-gcc "../Core/Src/software_timer.c" -mcpu=cortex-m3 -std=gnu11 -g3 -DDEBUG -DUSE_HAL_DRIVER -DSTM32F103x6 -c -I../Core/Inc -I../Drivers/STM32F1xx_HAL_Driver/Inc -I../Drivers/STM32F1xx_HAL_Driver/Inc/Legacy -I../Drivers/CMSIS/Device/ST/STM32F1xx/Include -I../Drivers/CMSIS/Include -O0 -ffunction-sections -fdata-sections -Wall -fstack-usage -MMD -MP -MF"Core/Src/software_timer.d" -MT"Core/Src/software_timer.o" --specs=nano.specs -mfloat-abi=soft -mthumb -o "Core/Src/software_timer.o"
arm-none-eabi-gcc "../Core/Src/stm32f1xx_hal_msp.c" -mcpu=cortex-m3 -std=gnu11 -g3 -DDEBUG -DUSE_HAL_DRIVER -DSTM32F103x6 -c -I../Core/Inc -I../Drivers/STM32F1xx_HAL_Driver/Inc -I../Drivers/STM32F1xx_HAL_Driver/Inc/Legacy -I../Drivers/CMSIS/Device/ST/STM32F1xx/Include -I../Drivers/CMSIS/Include -O0 -ffunction-sections -fdata-sections -Wall -fstack-usage -MMD -MP -MF"Core/Src/stm32f1xx_hal_msp.d" -MT"Core/Src/stm32f1xx_hal_msp.o" --specs=nano.specs -mfloat-abi=soft -mthumb -o "Core/Src/stm32f1xx_hal_msp.o"
arm-none-eabi-gcc "../Core/Src/stm32f1xx_it.c" -mcpu=cortex-m3 -std=gnu11 -g3 -DDEBUG -DUSE_HAL_DRIVER -DSTM32F103x6 -c -I../Core/Inc -I../Drivers/STM32F1xx_HAL_Driver/Inc -I../Drivers/STM32F1xx_HAL_Driver/Inc/Legacy -I../Drivers/CMSIS/Device/ST/STM32F1xx/Include -I../Drivers/CMSIS/Include -O0 -ffunction-sections -fdata-sections -Wall -fstack-usage -MMD -MP -MF"Core/Src/stm32f1xx_it.d" -MT"Core/Src/stm32f1xx_it.o" --specs=nano.specs -mfloat-abi=soft -mthumb -o "Core/Src/stm32f1xx_it.o"
arm-none-eabi-gcc "../Core/Src/syscalls.c" -mcpu=cortex-m3 -std=gnu11 -g3 -DDEBUG -DUSE_HAL_DRIVER -DSTM32F103x6 -c -I../Core/Inc -I../Drivers/STM32F1xx_HAL_Driver/Inc -I../Drivers/STM32F1xx_HAL_Driver/Inc/Legacy -I../Drivers/CMSIS/Device/ST/STM32F1xx/Include -I../Drivers/CMSIS/Include -O0 -ffunction-sections -fdata-sections -Wall -fstack-usage -MMD -MP -MF"Core/Src/syscalls.d" -MT"Core/Src/syscalls.o" --specs=nano.specs -mfloat-abi=soft -mthumb -o "Core/Src/syscalls.o"
arm-none-eabi-gcc "../Core/Src/sysmem.c" -mcpu=cortex-m3 -std=gnu11 -g3 -DDEBUG -DUSE_HAL_DRIVER -DSTM32F103x6 -c -I../Core/Inc -I../Drivers/STM32F1xx_HAL_Driver/Inc -I../Drivers/STM32F1xx_HAL_Driver/Inc/Legacy -I../Drivers/CMSIS/Device/ST/STM32F1xx/Include -I../Drivers/CMSIS/Include -O0 -ffunction-sections -fdata-sections -Wall -fstack-usage -MMD -MP -MF"Core/Src/sysmem.d" -MT"Core/Src/sysmem.o" --specs=nano.specs -mfloat-abi=soft -mthumb -o "Core/Src/sysmem.o"
arm-none-eabi-gcc "../Core/Src/system_stm32f1xx.c" -mcpu=cortex-m3 -std=gnu11 -g3 -DDEBUG -DUSE_HAL_DRIVER -DSTM32F103x6 -c -I../Core/Inc -I../Drivers/STM32F1xx_HAL_Driver/Inc -I../Drivers/STM32F1xx_HAL_Driver/Inc/Legacy -I../Drivers/CMSIS/Device/ST/STM32F1xx/Include -I../Drivers/CMSIS/Include -O0 -ffunction-sections -fdata-sections -Wall -fstack-usage -MMD -MP -MF"Core/Src/system_stm32f1xx.d" -MT"Core/Src/system_stm32f1xx.o" --specs=nano.specs -mfloat-abi=soft -mthumb -o "Core/Src/system_stm32f1xx.o"
arm-none-eabi-gcc "../Core/Src/timer.c" -mcpu=cortex-m3 -std=gnu11 -g3 -DDEBUG -DUSE_HAL_DRIVER -DSTM32F103x6 -c -I../Core/Inc -I../Drivers/STM32F1xx_HAL_Driver/Inc -I../Drivers/STM32F1xx_HAL_Driver/Inc/Legacy -I../Drivers/CMSIS/Device/ST/STM32F1xx/Include -I../Drivers/CMSIS/Include -O0 -ffunction-sections -fdata-sections -Wall -fstack-usage -MMD -MP -MF"Core/Src/timer.d" -MT"Core/Src/timer.o" --specs=nano.specs -mfloat-abi=soft -mthumb -o "Core/Src/timer.o"
arm-none-eabi-gcc -o "trafficLight.elf" @"objects.list"   -mcpu=cortex-m3 -T"E:\221\MCU\MCU_Lab3\trafficLight\STM32F103C6UX_FLASH.ld" --specs=nosys.specs -Wl,-Map="trafficLight.map" -Wl,--gc-sections -static --specs=nano.specs -mfloat-abi=soft -mthumb -Wl,--start-group -lc -lm -Wl,--end-group
Finished building target: trafficLight.elf
 
arm-none-eabi-size   trafficLight.elf 
arm-none-eabi-objdump -h -S  trafficLight.elf  > "trafficLight.list"
arm-none-eabi-objcopy  -O binary  trafficLight.elf  "trafficLight.bin"
   text	   data	    bss	    dec	    hex	filename
   7132	     24	   1672	   8828	   227c	trafficLight.elf
Finished building: default.size.stdout
 
Finished building: trafficLight.bin
 
Finished building: trafficLight.list
 
09:13:56 **** Incremental Build of configuration Debug for project trafficLight ****
make -j4 all 
arm-none-eabi-gcc -o "trafficLight.elf" @"objects.list"   -mcpu=cortex-m3 -T"E:\221\MCU\MCU_Lab3\trafficLight\STM32F103C6UX_FLASH.ld" --specs=nosys.specs -Wl,-Map="trafficLight.map" -Wl,--gc-sections -static --specs=nano.specs -mfloat-abi=soft -mthumb -Wl,--start-group -lc -lm -Wl,--end-group
Finished building target: trafficLight.elf
 
arm-none-eabi-size   trafficLight.elf 
arm-none-eabi-objdump -h -S  trafficLight.elf  > "trafficLight.list"
arm-none-eabi-objcopy  -O ihex  trafficLight.elf  "trafficLight.hex"
arm-none-eabi-objcopy  -O binary  trafficLight.elf  "trafficLight.bin"
   text	   data	    bss	    dec	    hex	filename
   7132	     24	   1672	   8828	   227c	trafficLight.elf
Finished building: default.size.stdout
 
Finished building: trafficLight.bin
Finished building: trafficLight.hex
 
Finished building: trafficLight.list
 
 
09:14:56 **** Incremental Build of configuration Debug for project trafficLight ****
make -j4 all 
arm-none-eabi-gcc "../Core/Src/main.c" -mcpu=cortex-m3 -std=gnu11 -g3 -DDEBUG -DUSE_HAL_DRIVER -DSTM32F103x6 -c -I../Core/Inc -I../Drivers/STM32F1xx_HAL_Driver/Inc -I../Drivers/STM32F1xx_HAL_Driver/Inc/Legacy -I../Drivers/CMSIS/Device/ST/STM32F1xx/Include -I../Drivers/CMSIS/Include -O0 -ffunction-sections -fdata-sections -Wall -fstack-usage -MMD -MP -MF"Core/Src/main.d" -MT"Core/Src/main.o" --specs=nano.specs -mfloat-abi=soft -mthumb -o "Core/Src/main.o"
arm-none-eabi-gcc -o "trafficLight.elf" @"objects.list"   -mcpu=cortex-m3 -T"E:\221\MCU\MCU_Lab3\trafficLight\STM32F103C6UX_FLASH.ld" --specs=nosys.specs -Wl,-Map="trafficLight.map" -Wl,--gc-sections -static --specs=nano.specs -mfloat-abi=soft -mthumb -Wl,--start-group -lc -lm -Wl,--end-group
Finished building target: trafficLight.elf
 
arm-none-eabi-size   trafficLight.elf 
arm-none-eabi-objdump -h -S  trafficLight.elf  > "trafficLight.list"
arm-none-eabi-objcopy  -O ihex  trafficLight.elf  "trafficLight.hex"
arm-none-eabi-objcopy  -O binary  trafficLight.elf  "trafficLight.bin"
   text	   data	    bss	    dec	    hex	filename
   7292	     24	   1672	   8988	   231c	trafficLight.elf
Finished building: default.size.stdout
 
Finished building: trafficLight.hex
Finished building: trafficLight.bin
Finished building: trafficLight.list
 
 
 
09:17:10 **** Incremental Build of configuration Debug for project trafficLight ****
make -j4 all 
arm-none-eabi-gcc "../Core/Src/main.c" -mcpu=cortex-m3 -std=gnu11 -g3 -DDEBUG -DUSE_HAL_DRIVER -DSTM32F103x6 -c -I../Core/Inc -I../Drivers/STM32F1xx_HAL_Driver/Inc -I../Drivers/STM32F1xx_HAL_Driver/Inc/Legacy -I../Drivers/CMSIS/Device/ST/STM32F1xx/Include -I../Drivers/CMSIS/Include -O0 -ffunction-sections -fdata-sections -Wall -fstack-usage -MMD -MP -MF"Core/Src/main.d" -MT"Core/Src/main.o" --specs=nano.specs -mfloat-abi=soft -mthumb -o "Core/Src/main.o"
arm-none-eabi-gcc -o "trafficLight.elf" @"objects.list"   -mcpu=cortex-m3 -T"E:\221\MCU\MCU_Lab3\trafficLight\STM32F103C6UX_FLASH.ld" --specs=nosys.specs -Wl,-Map="trafficLight.map" -Wl,--gc-sections -static --specs=nano.specs -mfloat-abi=soft -mthumb -Wl,--start-group -lc -lm -Wl,--end-group
d:\stm32\stm32cubeide_1.7.0\stm32cubeide\plugins\com.st.stm32cube.ide.mcu.externaltools.gnu-tools-for-stm32.9-2020-q2-update.win32_2.0.0.202105311346\tools\arm-none-eabi\bin\ld.exe: ./Core/Src/timer.o: in function `HAL_TIM_PeriodElapsedCallback':
E:/221/MCU/MCU_Lab3/trafficLight/Debug/../Core/Src/timer.c:12: multiple definition of `HAL_TIM_PeriodElapsedCallback'; ./Core/Src/main.o:E:/221/MCU/MCU_Lab3/trafficLight/Debug/../Core/Src/main.c:252: first defined here
collect2.exe: error: ld returned 1 exit status
make: *** [makefile:68: trafficLight.elf] Error 1
"make -j4 all" terminated with exit code 2. Build might be incomplete.
09:18:26 **** Incremental Build of configuration Debug for project trafficLight ****
make -j4 all 
arm-none-eabi-gcc "../Core/Src/main.c" -mcpu=cortex-m3 -std=gnu11 -g3 -DDEBUG -DUSE_HAL_DRIVER -DSTM32F103x6 -c -I../Core/Inc -I../Drivers/STM32F1xx_HAL_Driver/Inc -I../Drivers/STM32F1xx_HAL_Driver/Inc/Legacy -I../Drivers/CMSIS/Device/ST/STM32F1xx/Include -I../Drivers/CMSIS/Include -O0 -ffunction-sections -fdata-sections -Wall -fstack-usage -MMD -MP -MF"Core/Src/main.d" -MT"Core/Src/main.o" --specs=nano.specs -mfloat-abi=soft -mthumb -o "Core/Src/main.o"
arm-none-eabi-gcc "../Core/Src/timer.c" -mcpu=cortex-m3 -std=gnu11 -g3 -DDEBUG -DUSE_HAL_DRIVER -DSTM32F103x6 -c -I../Core/Inc -I../Drivers/STM32F1xx_HAL_Driver/Inc -I../Drivers/STM32F1xx_HAL_Driver/Inc/Legacy -I../Drivers/CMSIS/Device/ST/STM32F1xx/Include -I../Drivers/CMSIS/Include -O0 -ffunction-sections -fdata-sections -Wall -fstack-usage -MMD -MP -MF"Core/Src/timer.d" -MT"Core/Src/timer.o" --specs=nano.specs -mfloat-abi=soft -mthumb -o "Core/Src/timer.o"
../Core/Src/timer.c: In function 'HAL_TIM_PeriodElapsedCallback':
../Core/Src/timer.c:15:3: warning: implicit declaration of function 'runTimer' [-Wimplicit-function-declaration]
   15 |   runTimer();
      |   ^~~~~~~~
arm-none-eabi-gcc -o "trafficLight.elf" @"objects.list"   -mcpu=cortex-m3 -T"E:\221\MCU\MCU_Lab3\trafficLight\STM32F103C6UX_FLASH.ld" --specs=nosys.specs -Wl,-Map="trafficLight.map" -Wl,--gc-sections -static --specs=nano.specs -mfloat-abi=soft -mthumb -Wl,--start-group -lc -lm -Wl,--end-group
Finished building target: trafficLight.elf
 
arm-none-eabi-size   trafficLight.elf 
arm-none-eabi-objdump -h -S  trafficLight.elf  > "trafficLight.list"
arm-none-eabi-objcopy  -O ihex  trafficLight.elf  "trafficLight.hex"
arm-none-eabi-objcopy  -O binary  trafficLight.elf  "trafficLight.bin"
   text	   data	    bss	    dec	    hex	filename
   7188	     24	   1672	   8884	   22b4	trafficLight.elf
Finished building: default.size.stdout
 
Finished building: trafficLight.hex
Finished building: trafficLight.bin
 
Finished building: trafficLight.list
 
 
09:18:45 **** Incremental Build of configuration Debug for project trafficLight ****
make -j4 all 
arm-none-eabi-gcc "../Core/Src/timer.c" -mcpu=cortex-m3 -std=gnu11 -g3 -DDEBUG -DUSE_HAL_DRIVER -DSTM32F103x6 -c -I../Core/Inc -I../Drivers/STM32F1xx_HAL_Driver/Inc -I../Drivers/STM32F1xx_HAL_Driver/Inc/Legacy -I../Drivers/CMSIS/Device/ST/STM32F1xx/Include -I../Drivers/CMSIS/Include -O0 -ffunction-sections -fdata-sections -Wall -fstack-usage -MMD -MP -MF"Core/Src/timer.d" -MT"Core/Src/timer.o" --specs=nano.specs -mfloat-abi=soft -mthumb -o "Core/Src/timer.o"
arm-none-eabi-gcc -o "trafficLight.elf" @"objects.list"   -mcpu=cortex-m3 -T"E:\221\MCU\MCU_Lab3\trafficLight\STM32F103C6UX_FLASH.ld" --specs=nosys.specs -Wl,-Map="trafficLight.map" -Wl,--gc-sections -static --specs=nano.specs -mfloat-abi=soft -mthumb -Wl,--start-group -lc -lm -Wl,--end-group
Finished building target: trafficLight.elf
 
arm-none-eabi-size   trafficLight.elf 
arm-none-eabi-objdump -h -S  trafficLight.elf  > "trafficLight.list"
arm-none-eabi-objcopy  -O ihex  trafficLight.elf  "trafficLight.hex"
arm-none-eabi-objcopy  -O binary  trafficLight.elf  "trafficLight.bin"
   text	   data	    bss	    dec	    hex	filename
   7188	     24	   1672	   8884	   22b4	trafficLight.elf
Finished building: default.size.stdout
 
Finished building: trafficLight.bin
Finished building: trafficLight.list
Finished building: trafficLight.hex
 
 
 
09:34:48 **** Incremental Build of configuration Debug for project trafficLight ****
make -j4 all 
arm-none-eabi-gcc "../Core/Src/timer.c" -mcpu=cortex-m3 -std=gnu11 -g3 -DDEBUG -DUSE_HAL_DRIVER -DSTM32F103x6 -c -I../Core/Inc -I../Drivers/STM32F1xx_HAL_Driver/Inc -I../Drivers/STM32F1xx_HAL_Driver/Inc/Legacy -I../Drivers/CMSIS/Device/ST/STM32F1xx/Include -I../Drivers/CMSIS/Include -O0 -ffunction-sections -fdata-sections -Wall -fstack-usage -MMD -MP -MF"Core/Src/timer.d" -MT"Core/Src/timer.o" --specs=nano.specs -mfloat-abi=soft -mthumb -o "Core/Src/timer.o"
arm-none-eabi-gcc -o "trafficLight.elf" @"objects.list"   -mcpu=cortex-m3 -T"E:\221\MCU\MCU_Lab3\trafficLight\STM32F103C6UX_FLASH.ld" --specs=nosys.specs -Wl,-Map="trafficLight.map" -Wl,--gc-sections -static --specs=nano.specs -mfloat-abi=soft -mthumb -Wl,--start-group -lc -lm -Wl,--end-group
Finished building target: trafficLight.elf
 
arm-none-eabi-size   trafficLight.elf 
arm-none-eabi-objdump -h -S  trafficLight.elf  > "trafficLight.list"
arm-none-eabi-objcopy  -O ihex  trafficLight.elf  "trafficLight.hex"
arm-none-eabi-objcopy  -O binary  trafficLight.elf  "trafficLight.bin"
   text	   data	    bss	    dec	    hex	filename
   7188	     24	   1672	   8884	   22b4	trafficLight.elf
Finished building: default.size.stdout
 
Finished building: trafficLight.bin
Finished building: trafficLight.hex
Finished building: trafficLight.list
 
 
 
09:42:12 **** Incremental Build of configuration Debug for project trafficLight ****
make -j4 all 
arm-none-eabi-size   trafficLight.elf 
   text	   data	    bss	    dec	    hex	filename
   7188	     24	   1672	   8884	   22b4	trafficLight.elf
Finished building: default.size.stdout
 
09:42:21 **** Incremental Build of configuration Debug for project trafficLight ****
make -j4 all 
arm-none-eabi-size   trafficLight.elf 
   text	   data	    bss	    dec	    hex	filename
   7188	     24	   1672	   8884	   22b4	trafficLight.elf
Finished building: default.size.stdout
 
09:43:06 **** Incremental Build of configuration Debug for project trafficLight ****
make -j4 all 
arm-none-eabi-gcc "../Core/Src/timer.c" -mcpu=cortex-m3 -std=gnu11 -g3 -DDEBUG -DUSE_HAL_DRIVER -DSTM32F103x6 -c -I../Core/Inc -I../Drivers/STM32F1xx_HAL_Driver/Inc -I../Drivers/STM32F1xx_HAL_Driver/Inc/Legacy -I../Drivers/CMSIS/Device/ST/STM32F1xx/Include -I../Drivers/CMSIS/Include -O0 -ffunction-sections -fdata-sections -Wall -fstack-usage -MMD -MP -MF"Core/Src/timer.d" -MT"Core/Src/timer.o" --specs=nano.specs -mfloat-abi=soft -mthumb -o "Core/Src/timer.o"
arm-none-eabi-gcc -o "trafficLight.elf" @"objects.list"   -mcpu=cortex-m3 -T"E:\221\MCU\MCU_Lab3\trafficLight\STM32F103C6UX_FLASH.ld" --specs=nosys.specs -Wl,-Map="trafficLight.map" -Wl,--gc-sections -static --specs=nano.specs -mfloat-abi=soft -mthumb -Wl,--start-group -lc -lm -Wl,--end-group
Finished building target: trafficLight.elf
 
arm-none-eabi-size   trafficLight.elf 
arm-none-eabi-objdump -h -S  trafficLight.elf  > "trafficLight.list"
arm-none-eabi-objcopy  -O ihex  trafficLight.elf  "trafficLight.hex"
arm-none-eabi-objcopy  -O binary  trafficLight.elf  "trafficLight.bin"
   text	   data	    bss	    dec	    hex	filename
   7132	     24	   1672	   8828	   227c	trafficLight.elf
Finished building: default.size.stdout
 
Finished building: trafficLight.hex
Finished building: trafficLight.bin
 
Finished building: trafficLight.list
 
 
09:43:14 **** Incremental Build of configuration Debug for project trafficLight ****
make -j4 all 
arm-none-eabi-gcc "../Core/Src/timer.c" -mcpu=cortex-m3 -std=gnu11 -g3 -DDEBUG -DUSE_HAL_DRIVER -DSTM32F103x6 -c -I../Core/Inc -I../Drivers/STM32F1xx_HAL_Driver/Inc -I../Drivers/STM32F1xx_HAL_Driver/Inc/Legacy -I../Drivers/CMSIS/Device/ST/STM32F1xx/Include -I../Drivers/CMSIS/Include -O0 -ffunction-sections -fdata-sections -Wall -fstack-usage -MMD -MP -MF"Core/Src/timer.d" -MT"Core/Src/timer.o" --specs=nano.specs -mfloat-abi=soft -mthumb -o "Core/Src/timer.o"
arm-none-eabi-gcc -o "trafficLight.elf" @"objects.list"   -mcpu=cortex-m3 -T"E:\221\MCU\MCU_Lab3\trafficLight\STM32F103C6UX_FLASH.ld" --specs=nosys.specs -Wl,-Map="trafficLight.map" -Wl,--gc-sections -static --specs=nano.specs -mfloat-abi=soft -mthumb -Wl,--start-group -lc -lm -Wl,--end-group
Finished building target: trafficLight.elf
 
arm-none-eabi-size   trafficLight.elf 
arm-none-eabi-objdump -h -S  trafficLight.elf  > "trafficLight.list"
arm-none-eabi-objcopy  -O ihex  trafficLight.elf  "trafficLight.hex"
arm-none-eabi-objcopy  -O binary  trafficLight.elf  "trafficLight.bin"
   text	   data	    bss	    dec	    hex	filename
   7188	     24	   1672	   8884	   22b4	trafficLight.elf
Finished building: default.size.stdout
 
Finished building: trafficLight.hex
Finished building: trafficLight.bin
Finished building: trafficLight.list
 
 
 
09:45:52 **** Incremental Build of configuration Debug for project trafficLight ****
make -j4 all 
arm-none-eabi-gcc "../Core/Src/main.c" -mcpu=cortex-m3 -std=gnu11 -g3 -DDEBUG -DUSE_HAL_DRIVER -DSTM32F103x6 -c -I../Core/Inc -I../Drivers/STM32F1xx_HAL_Driver/Inc -I../Drivers/STM32F1xx_HAL_Driver/Inc/Legacy -I../Drivers/CMSIS/Device/ST/STM32F1xx/Include -I../Drivers/CMSIS/Include -O0 -ffunction-sections -fdata-sections -Wall -fstack-usage -MMD -MP -MF"Core/Src/main.d" -MT"Core/Src/main.o" --specs=nano.specs -mfloat-abi=soft -mthumb -o "Core/Src/main.o"
arm-none-eabi-gcc "../Core/Src/software_timer.c" -mcpu=cortex-m3 -std=gnu11 -g3 -DDEBUG -DUSE_HAL_DRIVER -DSTM32F103x6 -c -I../Core/Inc -I../Drivers/STM32F1xx_HAL_Driver/Inc -I../Drivers/STM32F1xx_HAL_Driver/Inc/Legacy -I../Drivers/CMSIS/Device/ST/STM32F1xx/Include -I../Drivers/CMSIS/Include -O0 -ffunction-sections -fdata-sections -Wall -fstack-usage -MMD -MP -MF"Core/Src/software_timer.d" -MT"Core/Src/software_timer.o" --specs=nano.specs -mfloat-abi=soft -mthumb -o "Core/Src/software_timer.o"
arm-none-eabi-gcc "../Core/Src/timer.c" -mcpu=cortex-m3 -std=gnu11 -g3 -DDEBUG -DUSE_HAL_DRIVER -DSTM32F103x6 -c -I../Core/Inc -I../Drivers/STM32F1xx_HAL_Driver/Inc -I../Drivers/STM32F1xx_HAL_Driver/Inc/Legacy -I../Drivers/CMSIS/Device/ST/STM32F1xx/Include -I../Drivers/CMSIS/Include -O0 -ffunction-sections -fdata-sections -Wall -fstack-usage -MMD -MP -MF"Core/Src/timer.d" -MT"Core/Src/timer.o" --specs=nano.specs -mfloat-abi=soft -mthumb -o "Core/Src/timer.o"
../Core/Src/timer.c: In function 'HAL_TIM_PeriodElapsedCallback':
../Core/Src/timer.c:15:3: warning: implicit declaration of function 'runTimer'; did you mean 'runTimer0'? [-Wimplicit-function-declaration]
   15 |   runTimer();
      |   ^~~~~~~~
      |   runTimer0
arm-none-eabi-gcc -o "trafficLight.elf" @"objects.list"   -mcpu=cortex-m3 -T"E:\221\MCU\MCU_Lab3\trafficLight\STM32F103C6UX_FLASH.ld" --specs=nosys.specs -Wl,-Map="trafficLight.map" -Wl,--gc-sections -static --specs=nano.specs -mfloat-abi=soft -mthumb -Wl,--start-group -lc -lm -Wl,--end-group
d:\stm32\stm32cubeide_1.7.0\stm32cubeide\plugins\com.st.stm32cube.ide.mcu.externaltools.gnu-tools-for-stm32.9-2020-q2-update.win32_2.0.0.202105311346\tools\arm-none-eabi\bin\ld.exe: ./Core/Src/timer.o: in function `HAL_TIM_PeriodElapsedCallback':
E:/221/MCU/MCU_Lab3/trafficLight/Debug/../Core/Src/timer.c:15: undefined reference to `runTimer'
collect2.exe: error: ld returned 1 exit status
make: *** [makefile:68: trafficLight.elf] Error 1
"make -j4 all" terminated with exit code 2. Build might be incomplete.
09:46:02 **** Incremental Build of configuration Debug for project trafficLight ****
make -j4 all 
arm-none-eabi-gcc "../Core/Src/timer.c" -mcpu=cortex-m3 -std=gnu11 -g3 -DDEBUG -DUSE_HAL_DRIVER -DSTM32F103x6 -c -I../Core/Inc -I../Drivers/STM32F1xx_HAL_Driver/Inc -I../Drivers/STM32F1xx_HAL_Driver/Inc/Legacy -I../Drivers/CMSIS/Device/ST/STM32F1xx/Include -I../Drivers/CMSIS/Include -O0 -ffunction-sections -fdata-sections -Wall -fstack-usage -MMD -MP -MF"Core/Src/timer.d" -MT"Core/Src/timer.o" --specs=nano.specs -mfloat-abi=soft -mthumb -o "Core/Src/timer.o"
arm-none-eabi-gcc -o "trafficLight.elf" @"objects.list"   -mcpu=cortex-m3 -T"E:\221\MCU\MCU_Lab3\trafficLight\STM32F103C6UX_FLASH.ld" --specs=nosys.specs -Wl,-Map="trafficLight.map" -Wl,--gc-sections -static --specs=nano.specs -mfloat-abi=soft -mthumb -Wl,--start-group -lc -lm -Wl,--end-group
Finished building target: trafficLight.elf
 
arm-none-eabi-size   trafficLight.elf 
arm-none-eabi-objdump -h -S  trafficLight.elf  > "trafficLight.list"
arm-none-eabi-objcopy  -O ihex  trafficLight.elf  "trafficLight.hex"
arm-none-eabi-objcopy  -O binary  trafficLight.elf  "trafficLight.bin"
   text	   data	    bss	    dec	    hex	filename
   7188	     24	   1672	   8884	   22b4	trafficLight.elf
Finished building: default.size.stdout
 
Finished building: trafficLight.bin
Finished building: trafficLight.list
Finished building: trafficLight.hex
 
 
 
09:46:14 **** Incremental Build of configuration Debug for project trafficLight ****
make -j4 all 
arm-none-eabi-size   trafficLight.elf 
   text	   data	    bss	    dec	    hex	filename
   7188	     24	   1672	   8884	   22b4	trafficLight.elf
Finished building: default.size.stdout
 
09:48:40 **** Incremental Build of configuration Debug for project trafficLight ****
make -j4 all 
arm-none-eabi-gcc "../Core/Src/main.c" -mcpu=cortex-m3 -std=gnu11 -g3 -DDEBUG -DUSE_HAL_DRIVER -DSTM32F103x6 -c -I../Core/Inc -I../Drivers/STM32F1xx_HAL_Driver/Inc -I../Drivers/STM32F1xx_HAL_Driver/Inc/Legacy -I../Drivers/CMSIS/Device/ST/STM32F1xx/Include -I../Drivers/CMSIS/Include -O0 -ffunction-sections -fdata-sections -Wall -fstack-usage -MMD -MP -MF"Core/Src/main.d" -MT"Core/Src/main.o" --specs=nano.specs -mfloat-abi=soft -mthumb -o "Core/Src/main.o"
arm-none-eabi-gcc -o "trafficLight.elf" @"objects.list"   -mcpu=cortex-m3 -T"E:\221\MCU\MCU_Lab3\trafficLight\STM32F103C6UX_FLASH.ld" --specs=nosys.specs -Wl,-Map="trafficLight.map" -Wl,--gc-sections -static --specs=nano.specs -mfloat-abi=soft -mthumb -Wl,--start-group -lc -lm -Wl,--end-group
Finished building target: trafficLight.elf
 
arm-none-eabi-size   trafficLight.elf 
arm-none-eabi-objdump -h -S  trafficLight.elf  > "trafficLight.list"
arm-none-eabi-objcopy  -O ihex  trafficLight.elf  "trafficLight.hex"
arm-none-eabi-objcopy  -O binary  trafficLight.elf  "trafficLight.bin"
   text	   data	    bss	    dec	    hex	filename
   7188	     24	   1672	   8884	   22b4	trafficLight.elf
Finished building: default.size.stdout
 
Finished building: trafficLight.hex
Finished building: trafficLight.bin
 
Finished building: trafficLight.list
 
 
09:54:40 **** Incremental Build of configuration Debug for project trafficLight ****
make -j4 all 
arm-none-eabi-gcc "../Core/Src/software_timer.c" -mcpu=cortex-m3 -std=gnu11 -g3 -DDEBUG -DUSE_HAL_DRIVER -DSTM32F103x6 -c -I../Core/Inc -I../Drivers/STM32F1xx_HAL_Driver/Inc -I../Drivers/STM32F1xx_HAL_Driver/Inc/Legacy -I../Drivers/CMSIS/Device/ST/STM32F1xx/Include -I../Drivers/CMSIS/Include -O0 -ffunction-sections -fdata-sections -Wall -fstack-usage -MMD -MP -MF"Core/Src/software_timer.d" -MT"Core/Src/software_timer.o" --specs=nano.specs -mfloat-abi=soft -mthumb -o "Core/Src/software_timer.o"
arm-none-eabi-gcc -o "trafficLight.elf" @"objects.list"   -mcpu=cortex-m3 -T"E:\221\MCU\MCU_Lab3\trafficLight\STM32F103C6UX_FLASH.ld" --specs=nosys.specs -Wl,-Map="trafficLight.map" -Wl,--gc-sections -static --specs=nano.specs -mfloat-abi=soft -mthumb -Wl,--start-group -lc -lm -Wl,--end-group
Finished building target: trafficLight.elf
 
arm-none-eabi-size   trafficLight.elf 
arm-none-eabi-objdump -h -S  trafficLight.elf  > "trafficLight.list"
arm-none-eabi-objcopy  -O ihex  trafficLight.elf  "trafficLight.hex"
arm-none-eabi-objcopy  -O binary  trafficLight.elf  "trafficLight.bin"
   text	   data	    bss	    dec	    hex	filename
   7188	     24	   1672	   8884	   22b4	trafficLight.elf
Finished building: default.size.stdout
 
Finished building: trafficLight.hex
Finished building: trafficLight.bin
 
 
Finished building: trafficLight.list
 
09:59:12 **** Incremental Build of configuration Debug for project trafficLight ****
make -j4 all 
arm-none-eabi-gcc "../Core/Src/main.c" -mcpu=cortex-m3 -std=gnu11 -g3 -DDEBUG -DUSE_HAL_DRIVER -DSTM32F103x6 -c -I../Core/Inc -I../Drivers/STM32F1xx_HAL_Driver/Inc -I../Drivers/STM32F1xx_HAL_Driver/Inc/Legacy -I../Drivers/CMSIS/Device/ST/STM32F1xx/Include -I../Drivers/CMSIS/Include -O0 -ffunction-sections -fdata-sections -Wall -fstack-usage -MMD -MP -MF"Core/Src/main.d" -MT"Core/Src/main.o" --specs=nano.specs -mfloat-abi=soft -mthumb -o "Core/Src/main.o"
arm-none-eabi-gcc "../Core/Src/timer.c" -mcpu=cortex-m3 -std=gnu11 -g3 -DDEBUG -DUSE_HAL_DRIVER -DSTM32F103x6 -c -I../Core/Inc -I../Drivers/STM32F1xx_HAL_Driver/Inc -I../Drivers/STM32F1xx_HAL_Driver/Inc/Legacy -I../Drivers/CMSIS/Device/ST/STM32F1xx/Include -I../Drivers/CMSIS/Include -O0 -ffunction-sections -fdata-sections -Wall -fstack-usage -MMD -MP -MF"Core/Src/timer.d" -MT"Core/Src/timer.o" --specs=nano.specs -mfloat-abi=soft -mthumb -o "Core/Src/timer.o"
arm-none-eabi-gcc -o "trafficLight.elf" @"objects.list"   -mcpu=cortex-m3 -T"E:\221\MCU\MCU_Lab3\trafficLight\STM32F103C6UX_FLASH.ld" --specs=nosys.specs -Wl,-Map="trafficLight.map" -Wl,--gc-sections -static --specs=nano.specs -mfloat-abi=soft -mthumb -Wl,--start-group -lc -lm -Wl,--end-group
d:\stm32\stm32cubeide_1.7.0\stm32cubeide\plugins\com.st.stm32cube.ide.mcu.externaltools.gnu-tools-for-stm32.9-2020-q2-update.win32_2.0.0.202105311346\tools\arm-none-eabi\bin\ld.exe: ./Core/Src/timer.o: in function `HAL_TIM_PeriodElapsedCallback':
E:/221/MCU/MCU_Lab3/trafficLight/Debug/../Core/Src/timer.c:13: multiple definition of `HAL_TIM_PeriodElapsedCallback'; ./Core/Src/main.o:E:/221/MCU/MCU_Lab3/trafficLight/Debug/../Core/Src/main.c:252: first defined here
collect2.exe: error: ld returned 1 exit status
make: *** [makefile:68: trafficLight.elf] Error 1
"make -j4 all" terminated with exit code 2. Build might be incomplete.
10:00:42 **** Incremental Build of configuration Debug for project trafficLight ****
make -j4 all 
arm-none-eabi-gcc "../Core/Src/main.c" -mcpu=cortex-m3 -std=gnu11 -g3 -DDEBUG -DUSE_HAL_DRIVER -DSTM32F103x6 -c -I../Core/Inc -I../Drivers/STM32F1xx_HAL_Driver/Inc -I../Drivers/STM32F1xx_HAL_Driver/Inc/Legacy -I../Drivers/CMSIS/Device/ST/STM32F1xx/Include -I../Drivers/CMSIS/Include -O0 -ffunction-sections -fdata-sections -Wall -fstack-usage -MMD -MP -MF"Core/Src/main.d" -MT"Core/Src/main.o" --specs=nano.specs -mfloat-abi=soft -mthumb -o "Core/Src/main.o"
arm-none-eabi-gcc -o "trafficLight.elf" @"objects.list"   -mcpu=cortex-m3 -T"E:\221\MCU\MCU_Lab3\trafficLight\STM32F103C6UX_FLASH.ld" --specs=nosys.specs -Wl,-Map="trafficLight.map" -Wl,--gc-sections -static --specs=nano.specs -mfloat-abi=soft -mthumb -Wl,--start-group -lc -lm -Wl,--end-group
d:\stm32\stm32cubeide_1.7.0\stm32cubeide\plugins\com.st.stm32cube.ide.mcu.externaltools.gnu-tools-for-stm32.9-2020-q2-update.win32_2.0.0.202105311346\tools\arm-none-eabi\bin\ld.exe: ./Core/Src/timer.o: in function `HAL_TIM_PeriodElapsedCallback':
E:/221/MCU/MCU_Lab3/trafficLight/Debug/../Core/Src/timer.c:13: multiple definition of `HAL_TIM_PeriodElapsedCallback'; ./Core/Src/main.o:E:/221/MCU/MCU_Lab3/trafficLight/Debug/../Core/Src/main.c:252: first defined here
collect2.exe: error: ld returned 1 exit status
make: *** [makefile:68: trafficLight.elf] Error 1
"make -j4 all" terminated with exit code 2. Build might be incomplete.
10:01:23 **** Incremental Build of configuration Debug for project trafficLight ****
make -j4 all 
arm-none-eabi-gcc "../Core/Src/main.c" -mcpu=cortex-m3 -std=gnu11 -g3 -DDEBUG -DUSE_HAL_DRIVER -DSTM32F103x6 -c -I../Core/Inc -I../Drivers/STM32F1xx_HAL_Driver/Inc -I../Drivers/STM32F1xx_HAL_Driver/Inc/Legacy -I../Drivers/CMSIS/Device/ST/STM32F1xx/Include -I../Drivers/CMSIS/Include -O0 -ffunction-sections -fdata-sections -Wall -fstack-usage -MMD -MP -MF"Core/Src/main.d" -MT"Core/Src/main.o" --specs=nano.specs -mfloat-abi=soft -mthumb -o "Core/Src/main.o"
arm-none-eabi-gcc -o "trafficLight.elf" @"objects.list"   -mcpu=cortex-m3 -T"E:\221\MCU\MCU_Lab3\trafficLight\STM32F103C6UX_FLASH.ld" --specs=nosys.specs -Wl,-Map="trafficLight.map" -Wl,--gc-sections -static --specs=nano.specs -mfloat-abi=soft -mthumb -Wl,--start-group -lc -lm -Wl,--end-group
d:\stm32\stm32cubeide_1.7.0\stm32cubeide\plugins\com.st.stm32cube.ide.mcu.externaltools.gnu-tools-for-stm32.9-2020-q2-update.win32_2.0.0.202105311346\tools\arm-none-eabi\bin\ld.exe: ./Core/Src/timer.o: in function `HAL_TIM_PeriodElapsedCallback':
E:/221/MCU/MCU_Lab3/trafficLight/Debug/../Core/Src/timer.c:13: multiple definition of `HAL_TIM_PeriodElapsedCallback'; ./Core/Src/main.o:E:/221/MCU/MCU_Lab3/trafficLight/Debug/../Core/Src/main.c:252: first defined here
collect2.exe: error: ld returned 1 exit status
make: *** [makefile:68: trafficLight.elf] Error 1
"make -j4 all" terminated with exit code 2. Build might be incomplete.
10:07:38 **** Incremental Build of configuration Debug for project trafficLight ****
make -j4 all 
arm-none-eabi-gcc "../Core/Src/timer.c" -mcpu=cortex-m3 -std=gnu11 -g3 -DDEBUG -DUSE_HAL_DRIVER -DSTM32F103x6 -c -I../Core/Inc -I../Drivers/STM32F1xx_HAL_Driver/Inc -I../Drivers/STM32F1xx_HAL_Driver/Inc/Legacy -I../Drivers/CMSIS/Device/ST/STM32F1xx/Include -I../Drivers/CMSIS/Include -O0 -ffunction-sections -fdata-sections -Wall -fstack-usage -MMD -MP -MF"Core/Src/timer.d" -MT"Core/Src/timer.o" --specs=nano.specs -mfloat-abi=soft -mthumb -o "Core/Src/timer.o"
arm-none-eabi-gcc -o "trafficLight.elf" @"objects.list"   -mcpu=cortex-m3 -T"E:\221\MCU\MCU_Lab3\trafficLight\STM32F103C6UX_FLASH.ld" --specs=nosys.specs -Wl,-Map="trafficLight.map" -Wl,--gc-sections -static --specs=nano.specs -mfloat-abi=soft -mthumb -Wl,--start-group -lc -lm -Wl,--end-group
Finished building target: trafficLight.elf
 
arm-none-eabi-size   trafficLight.elf 
arm-none-eabi-objdump -h -S  trafficLight.elf  > "trafficLight.list"
arm-none-eabi-objcopy  -O ihex  trafficLight.elf  "trafficLight.hex"
arm-none-eabi-objcopy  -O binary  trafficLight.elf  "trafficLight.bin"
   text	   data	    bss	    dec	    hex	filename
   7100	     24	   1648	   8772	   2244	trafficLight.elf
Finished building: default.size.stdout
 
Finished building: trafficLight.hex
Finished building: trafficLight.bin
Finished building: trafficLight.list
 
 
 
10:09:35 **** Incremental Build of configuration Debug for project trafficLight ****
make -j4 all 
arm-none-eabi-gcc "../Core/Src/main.c" -mcpu=cortex-m3 -std=gnu11 -g3 -DDEBUG -DUSE_HAL_DRIVER -DSTM32F103x6 -c -I../Core/Inc -I../Drivers/STM32F1xx_HAL_Driver/Inc -I../Drivers/STM32F1xx_HAL_Driver/Inc/Legacy -I../Drivers/CMSIS/Device/ST/STM32F1xx/Include -I../Drivers/CMSIS/Include -O0 -ffunction-sections -fdata-sections -Wall -fstack-usage -MMD -MP -MF"Core/Src/main.d" -MT"Core/Src/main.o" --specs=nano.specs -mfloat-abi=soft -mthumb -o "Core/Src/main.o"
arm-none-eabi-gcc "../Core/Src/timer.c" -mcpu=cortex-m3 -std=gnu11 -g3 -DDEBUG -DUSE_HAL_DRIVER -DSTM32F103x6 -c -I../Core/Inc -I../Drivers/STM32F1xx_HAL_Driver/Inc -I../Drivers/STM32F1xx_HAL_Driver/Inc/Legacy -I../Drivers/CMSIS/Device/ST/STM32F1xx/Include -I../Drivers/CMSIS/Include -O0 -ffunction-sections -fdata-sections -Wall -fstack-usage -MMD -MP -MF"Core/Src/timer.d" -MT"Core/Src/timer.o" --specs=nano.specs -mfloat-abi=soft -mthumb -o "Core/Src/timer.o"
arm-none-eabi-gcc -o "trafficLight.elf" @"objects.list"   -mcpu=cortex-m3 -T"E:\221\MCU\MCU_Lab3\trafficLight\STM32F103C6UX_FLASH.ld" --specs=nosys.specs -Wl,-Map="trafficLight.map" -Wl,--gc-sections -static --specs=nano.specs -mfloat-abi=soft -mthumb -Wl,--start-group -lc -lm -Wl,--end-group
Finished building target: trafficLight.elf
 
arm-none-eabi-size   trafficLight.elf 
arm-none-eabi-objdump -h -S  trafficLight.elf  > "trafficLight.list"
arm-none-eabi-objcopy  -O ihex  trafficLight.elf  "trafficLight.hex"
arm-none-eabi-objcopy  -O binary  trafficLight.elf  "trafficLight.bin"
   text	   data	    bss	    dec	    hex	filename
   7348	     24	   1672	   9044	   2354	trafficLight.elf
Finished building: default.size.stdout
 
Finished building: trafficLight.hex
Finished building: trafficLight.bin
 
Finished building: trafficLight.list
 
 
10:13:26 **** Incremental Build of configuration Debug for project trafficLight ****
make -j4 all 
arm-none-eabi-gcc "../Core/Src/main.c" -mcpu=cortex-m3 -std=gnu11 -g3 -DDEBUG -DUSE_HAL_DRIVER -DSTM32F103x6 -c -I../Core/Inc -I../Drivers/STM32F1xx_HAL_Driver/Inc -I../Drivers/STM32F1xx_HAL_Driver/Inc/Legacy -I../Drivers/CMSIS/Device/ST/STM32F1xx/Include -I../Drivers/CMSIS/Include -O0 -ffunction-sections -fdata-sections -Wall -fstack-usage -MMD -MP -MF"Core/Src/main.d" -MT"Core/Src/main.o" --specs=nano.specs -mfloat-abi=soft -mthumb -o "Core/Src/main.o"
arm-none-eabi-gcc -o "trafficLight.elf" @"objects.list"   -mcpu=cortex-m3 -T"E:\221\MCU\MCU_Lab3\trafficLight\STM32F103C6UX_FLASH.ld" --specs=nosys.specs -Wl,-Map="trafficLight.map" -Wl,--gc-sections -static --specs=nano.specs -mfloat-abi=soft -mthumb -Wl,--start-group -lc -lm -Wl,--end-group
Finished building target: trafficLight.elf
 
arm-none-eabi-size   trafficLight.elf 
arm-none-eabi-objdump -h -S  trafficLight.elf  > "trafficLight.list"
arm-none-eabi-objcopy  -O ihex  trafficLight.elf  "trafficLight.hex"
arm-none-eabi-objcopy  -O binary  trafficLight.elf  "trafficLight.bin"
   text	   data	    bss	    dec	    hex	filename
   7348	     24	   1672	   9044	   2354	trafficLight.elf
Finished building: default.size.stdout
 
Finished building: trafficLight.hex
Finished building: trafficLight.bin
 
Finished building: trafficLight.list
 
 
10:26:24 **** Incremental Build of configuration Debug for project trafficLight ****
make -j4 all 
arm-none-eabi-gcc "../Core/Src/IOLed.c" -mcpu=cortex-m3 -std=gnu11 -g3 -DDEBUG -DUSE_HAL_DRIVER -DSTM32F103x6 -c -I../Core/Inc -I../Drivers/STM32F1xx_HAL_Driver/Inc -I../Drivers/STM32F1xx_HAL_Driver/Inc/Legacy -I../Drivers/CMSIS/Device/ST/STM32F1xx/Include -I../Drivers/CMSIS/Include -O0 -ffunction-sections -fdata-sections -Wall -fstack-usage -MMD -MP -MF"Core/Src/IOLed.d" -MT"Core/Src/IOLed.o" --specs=nano.specs -mfloat-abi=soft -mthumb -o "Core/Src/IOLed.o"
arm-none-eabi-gcc "../Core/Src/input_processing.c" -mcpu=cortex-m3 -std=gnu11 -g3 -DDEBUG -DUSE_HAL_DRIVER -DSTM32F103x6 -c -I../Core/Inc -I../Drivers/STM32F1xx_HAL_Driver/Inc -I../Drivers/STM32F1xx_HAL_Driver/Inc/Legacy -I../Drivers/CMSIS/Device/ST/STM32F1xx/Include -I../Drivers/CMSIS/Include -O0 -ffunction-sections -fdata-sections -Wall -fstack-usage -MMD -MP -MF"Core/Src/input_processing.d" -MT"Core/Src/input_processing.o" --specs=nano.specs -mfloat-abi=soft -mthumb -o "Core/Src/input_processing.o"
arm-none-eabi-gcc "../Core/Src/input_reading.c" -mcpu=cortex-m3 -std=gnu11 -g3 -DDEBUG -DUSE_HAL_DRIVER -DSTM32F103x6 -c -I../Core/Inc -I../Drivers/STM32F1xx_HAL_Driver/Inc -I../Drivers/STM32F1xx_HAL_Driver/Inc/Legacy -I../Drivers/CMSIS/Device/ST/STM32F1xx/Include -I../Drivers/CMSIS/Include -O0 -ffunction-sections -fdata-sections -Wall -fstack-usage -MMD -MP -MF"Core/Src/input_reading.d" -MT"Core/Src/input_reading.o" --specs=nano.specs -mfloat-abi=soft -mthumb -o "Core/Src/input_reading.o"
arm-none-eabi-gcc "../Core/Src/main.c" -mcpu=cortex-m3 -std=gnu11 -g3 -DDEBUG -DUSE_HAL_DRIVER -DSTM32F103x6 -c -I../Core/Inc -I../Drivers/STM32F1xx_HAL_Driver/Inc -I../Drivers/STM32F1xx_HAL_Driver/Inc/Legacy -I../Drivers/CMSIS/Device/ST/STM32F1xx/Include -I../Drivers/CMSIS/Include -O0 -ffunction-sections -fdata-sections -Wall -fstack-usage -MMD -MP -MF"Core/Src/main.d" -MT"Core/Src/main.o" --specs=nano.specs -mfloat-abi=soft -mthumb -o "Core/Src/main.o"
../Core/Src/IOLed.c: In function 'toggleAllRedLed':
../Core/Src/IOLed.c:12:2: error: too many arguments to function 'HAL_GPIO_TogglePin'
   12 |  HAL_GPIO_TogglePin(GPIOA, LED_RED1_Pin|LED_RED2_Pin,LED_RED3_Pin,LED_RED4_Pin);
      |  ^~~~~~~~~~~~~~~~~~
In file included from ../Core/Inc/stm32f1xx_hal_conf.h:241,
                 from ../Drivers/STM32F1xx_HAL_Driver/Inc/stm32f1xx_hal.h:30,
                 from ../Core/Inc/main.h:31,
                 from ../Core/Src/IOLed.c:10:
../Drivers/STM32F1xx_HAL_Driver/Inc/stm32f1xx_hal_gpio.h:236:6: note: declared here
  236 | void HAL_GPIO_TogglePin(GPIO_TypeDef *GPIOx, uint16_t GPIO_Pin);
      |      ^~~~~~~~~~~~~~~~~~
../Core/Src/input_reading.c: In function 'button_reading':
../Core/Src/input_reading.c:29:24: warning: array subscript has type 'char' [-Wchar-subscripts]
   29 |   debounceButtonBuffer2[i] =debounceButtonBuffer1[i];
      |                        ^
../Core/Src/input_reading.c:29:50: warning: array subscript has type 'char' [-Wchar-subscripts]
   29 |   debounceButtonBuffer2[i] =debounceButtonBuffer1[i];
      |                                                  ^
../Core/Src/input_reading.c:30:24: warning: array subscript has type 'char' [-Wchar-subscripts]
   30 |   debounceButtonBuffer1[i] = HAL_GPIO_ReadPin(BUTTON_1_GPIO_Port, BUTTON_1_Pin);
      |                        ^
../Core/Src/input_reading.c:31:27: warning: array subscript has type 'char' [-Wchar-subscripts]
   31 |   if(debounceButtonBuffer1[i] == debounceButtonBuffer2[i])
      |                           ^
../Core/Src/input_reading.c:31:55: warning: array subscript has type 'char' [-Wchar-subscripts]
   31 |   if(debounceButtonBuffer1[i] == debounceButtonBuffer2[i])
      |                                                       ^
../Core/Src/input_reading.c:32:16: warning: array subscript has type 'char' [-Wchar-subscripts]
   32 |    buttonBuffer[i] = debounceButtonBuffer1[i];
      |                ^
../Core/Src/input_reading.c:32:43: warning: array subscript has type 'char' [-Wchar-subscripts]
   32 |    buttonBuffer[i] = debounceButtonBuffer1[i];
      |                                           ^
../Core/Src/input_reading.c:31:3: warning: this 'if' clause does not guard... [-Wmisleading-indentation]
   31 |   if(debounceButtonBuffer1[i] == debounceButtonBuffer2[i])
      |   ^~
../Core/Src/input_reading.c:33:4: note: ...this statement, but the latter is misleadingly indented as if it were guarded by the 'if'
   33 |    if(buttonBuffer[i] == BUTTON_IS_PRESSED){
      |    ^~
../Core/Src/input_reading.c:33:19: warning: array subscript has type 'char' [-Wchar-subscripts]
   33 |    if(buttonBuffer[i] == BUTTON_IS_PRESSED){
      |                   ^
../Core/Src/input_reading.c:35:31: warning: array subscript has type 'char' [-Wchar-subscripts]
   35 |     if(counterForButtonPress1s[i] < DURATION_FOR_AUTO_INCREASING){
      |                               ^
../Core/Src/input_reading.c:36:29: warning: array subscript has type 'char' [-Wchar-subscripts]
   36 |      counterForButtonPress1s[i]++;
      |                             ^
make: *** [Core/Src/subdir.mk:49: Core/Src/IOLed.o] Error 1
make: *** Waiting for unfinished jobs....
../Core/Src/input_reading.c:40:26: warning: array subscript has type 'char' [-Wchar-subscripts]
   40 |      flagForButtonPress1s[i] = 1;
      |                          ^
../Core/Src/input_reading.c:44:28: warning: array subscript has type 'char' [-Wchar-subscripts]
   44 |     counterForButtonPress1s[i] = 0;
      |                            ^
../Core/Src/input_reading.c:45:25: warning: array subscript has type 'char' [-Wchar-subscripts]
   45 |     flagForButtonPress1s[i] = 0;
      |                         ^
"make -j4 all" terminated with exit code 2. Build might be incomplete.
10:26:45 **** Incremental Build of configuration Debug for project trafficLight ****
make -j4 all 
arm-none-eabi-gcc "../Core/Src/IOLed.c" -mcpu=cortex-m3 -std=gnu11 -g3 -DDEBUG -DUSE_HAL_DRIVER -DSTM32F103x6 -c -I../Core/Inc -I../Drivers/STM32F1xx_HAL_Driver/Inc -I../Drivers/STM32F1xx_HAL_Driver/Inc/Legacy -I../Drivers/CMSIS/Device/ST/STM32F1xx/Include -I../Drivers/CMSIS/Include -O0 -ffunction-sections -fdata-sections -Wall -fstack-usage -MMD -MP -MF"Core/Src/IOLed.d" -MT"Core/Src/IOLed.o" --specs=nano.specs -mfloat-abi=soft -mthumb -o "Core/Src/IOLed.o"
arm-none-eabi-gcc "../Core/Src/software_timer.c" -mcpu=cortex-m3 -std=gnu11 -g3 -DDEBUG -DUSE_HAL_DRIVER -DSTM32F103x6 -c -I../Core/Inc -I../Drivers/STM32F1xx_HAL_Driver/Inc -I../Drivers/STM32F1xx_HAL_Driver/Inc/Legacy -I../Drivers/CMSIS/Device/ST/STM32F1xx/Include -I../Drivers/CMSIS/Include -O0 -ffunction-sections -fdata-sections -Wall -fstack-usage -MMD -MP -MF"Core/Src/software_timer.d" -MT"Core/Src/software_timer.o" --specs=nano.specs -mfloat-abi=soft -mthumb -o "Core/Src/software_timer.o"
arm-none-eabi-gcc "../Core/Src/stm32f1xx_hal_msp.c" -mcpu=cortex-m3 -std=gnu11 -g3 -DDEBUG -DUSE_HAL_DRIVER -DSTM32F103x6 -c -I../Core/Inc -I../Drivers/STM32F1xx_HAL_Driver/Inc -I../Drivers/STM32F1xx_HAL_Driver/Inc/Legacy -I../Drivers/CMSIS/Device/ST/STM32F1xx/Include -I../Drivers/CMSIS/Include -O0 -ffunction-sections -fdata-sections -Wall -fstack-usage -MMD -MP -MF"Core/Src/stm32f1xx_hal_msp.d" -MT"Core/Src/stm32f1xx_hal_msp.o" --specs=nano.specs -mfloat-abi=soft -mthumb -o "Core/Src/stm32f1xx_hal_msp.o"
arm-none-eabi-gcc "../Core/Src/stm32f1xx_it.c" -mcpu=cortex-m3 -std=gnu11 -g3 -DDEBUG -DUSE_HAL_DRIVER -DSTM32F103x6 -c -I../Core/Inc -I../Drivers/STM32F1xx_HAL_Driver/Inc -I../Drivers/STM32F1xx_HAL_Driver/Inc/Legacy -I../Drivers/CMSIS/Device/ST/STM32F1xx/Include -I../Drivers/CMSIS/Include -O0 -ffunction-sections -fdata-sections -Wall -fstack-usage -MMD -MP -MF"Core/Src/stm32f1xx_it.d" -MT"Core/Src/stm32f1xx_it.o" --specs=nano.specs -mfloat-abi=soft -mthumb -o "Core/Src/stm32f1xx_it.o"
arm-none-eabi-gcc "../Core/Src/syscalls.c" -mcpu=cortex-m3 -std=gnu11 -g3 -DDEBUG -DUSE_HAL_DRIVER -DSTM32F103x6 -c -I../Core/Inc -I../Drivers/STM32F1xx_HAL_Driver/Inc -I../Drivers/STM32F1xx_HAL_Driver/Inc/Legacy -I../Drivers/CMSIS/Device/ST/STM32F1xx/Include -I../Drivers/CMSIS/Include -O0 -ffunction-sections -fdata-sections -Wall -fstack-usage -MMD -MP -MF"Core/Src/syscalls.d" -MT"Core/Src/syscalls.o" --specs=nano.specs -mfloat-abi=soft -mthumb -o "Core/Src/syscalls.o"
arm-none-eabi-gcc "../Core/Src/sysmem.c" -mcpu=cortex-m3 -std=gnu11 -g3 -DDEBUG -DUSE_HAL_DRIVER -DSTM32F103x6 -c -I../Core/Inc -I../Drivers/STM32F1xx_HAL_Driver/Inc -I../Drivers/STM32F1xx_HAL_Driver/Inc/Legacy -I../Drivers/CMSIS/Device/ST/STM32F1xx/Include -I../Drivers/CMSIS/Include -O0 -ffunction-sections -fdata-sections -Wall -fstack-usage -MMD -MP -MF"Core/Src/sysmem.d" -MT"Core/Src/sysmem.o" --specs=nano.specs -mfloat-abi=soft -mthumb -o "Core/Src/sysmem.o"
arm-none-eabi-gcc "../Core/Src/system_stm32f1xx.c" -mcpu=cortex-m3 -std=gnu11 -g3 -DDEBUG -DUSE_HAL_DRIVER -DSTM32F103x6 -c -I../Core/Inc -I../Drivers/STM32F1xx_HAL_Driver/Inc -I../Drivers/STM32F1xx_HAL_Driver/Inc/Legacy -I../Drivers/CMSIS/Device/ST/STM32F1xx/Include -I../Drivers/CMSIS/Include -O0 -ffunction-sections -fdata-sections -Wall -fstack-usage -MMD -MP -MF"Core/Src/system_stm32f1xx.d" -MT"Core/Src/system_stm32f1xx.o" --specs=nano.specs -mfloat-abi=soft -mthumb -o "Core/Src/system_stm32f1xx.o"
arm-none-eabi-gcc "../Core/Src/timer.c" -mcpu=cortex-m3 -std=gnu11 -g3 -DDEBUG -DUSE_HAL_DRIVER -DSTM32F103x6 -c -I../Core/Inc -I../Drivers/STM32F1xx_HAL_Driver/Inc -I../Drivers/STM32F1xx_HAL_Driver/Inc/Legacy -I../Drivers/CMSIS/Device/ST/STM32F1xx/Include -I../Drivers/CMSIS/Include -O0 -ffunction-sections -fdata-sections -Wall -fstack-usage -MMD -MP -MF"Core/Src/timer.d" -MT"Core/Src/timer.o" --specs=nano.specs -mfloat-abi=soft -mthumb -o "Core/Src/timer.o"
arm-none-eabi-gcc -o "trafficLight.elf" @"objects.list"   -mcpu=cortex-m3 -T"E:\221\MCU\MCU_Lab3\trafficLight\STM32F103C6UX_FLASH.ld" --specs=nosys.specs -Wl,-Map="trafficLight.map" -Wl,--gc-sections -static --specs=nano.specs -mfloat-abi=soft -mthumb -Wl,--start-group -lc -lm -Wl,--end-group
Finished building target: trafficLight.elf
 
arm-none-eabi-size   trafficLight.elf 
arm-none-eabi-objdump -h -S  trafficLight.elf  > "trafficLight.list"
arm-none-eabi-objcopy  -O ihex  trafficLight.elf  "trafficLight.hex"
arm-none-eabi-objcopy  -O binary  trafficLight.elf  "trafficLight.bin"
   text	   data	    bss	    dec	    hex	filename
   7360	     24	   1672	   9056	   2360	trafficLight.elf
Finished building: default.size.stdout
 
Finished building: trafficLight.hex
Finished building: trafficLight.bin
Finished building: trafficLight.list
 
 
 
10:29:29 **** Incremental Build of configuration Debug for project trafficLight ****
make -j4 all 
arm-none-eabi-gcc "../Core/Src/IOLed.c" -mcpu=cortex-m3 -std=gnu11 -g3 -DDEBUG -DUSE_HAL_DRIVER -DSTM32F103x6 -c -I../Core/Inc -I../Drivers/STM32F1xx_HAL_Driver/Inc -I../Drivers/STM32F1xx_HAL_Driver/Inc/Legacy -I../Drivers/CMSIS/Device/ST/STM32F1xx/Include -I../Drivers/CMSIS/Include -O0 -ffunction-sections -fdata-sections -Wall -fstack-usage -MMD -MP -MF"Core/Src/IOLed.d" -MT"Core/Src/IOLed.o" --specs=nano.specs -mfloat-abi=soft -mthumb -o "Core/Src/IOLed.o"
../Core/Src/IOLed.c: In function 'toggleAllRedLed':
../Core/Src/IOLed.c:15:3: error: too many arguments to function 'HAL_GPIO_WritePin'
   15 |   HAL_GPIO_WritePin(GPIOA, LED_RED1_Pin|LED_RED2_Pin,LED_RED3_Pin,LED_RED4_Pin, GPIO_PIN_SET);
      |   ^~~~~~~~~~~~~~~~~
In file included from ../Core/Inc/stm32f1xx_hal_conf.h:241,
                 from ../Drivers/STM32F1xx_HAL_Driver/Inc/stm32f1xx_hal.h:30,
                 from ../Core/Inc/main.h:31,
                 from ../Core/Src/IOLed.c:10:
../Drivers/STM32F1xx_HAL_Driver/Inc/stm32f1xx_hal_gpio.h:235:6: note: declared here
  235 | void HAL_GPIO_WritePin(GPIO_TypeDef *GPIOx, uint16_t GPIO_Pin, GPIO_PinState PinState);
      |      ^~~~~~~~~~~~~~~~~
../Core/Src/IOLed.c:18:3: error: too many arguments to function 'HAL_GPIO_WritePin'
   18 |   HAL_GPIO_WritePin(GPIOA, LED_RED1_Pin|LED_RED2_Pin,LED_RED3_Pin,LED_RED4_Pin, GPIO_PIN_RESET);
      |   ^~~~~~~~~~~~~~~~~
In file included from ../Core/Inc/stm32f1xx_hal_conf.h:241,
                 from ../Drivers/STM32F1xx_HAL_Driver/Inc/stm32f1xx_hal.h:30,
                 from ../Core/Inc/main.h:31,
                 from ../Core/Src/IOLed.c:10:
../Drivers/STM32F1xx_HAL_Driver/Inc/stm32f1xx_hal_gpio.h:235:6: note: declared here
  235 | void HAL_GPIO_WritePin(GPIO_TypeDef *GPIOx, uint16_t GPIO_Pin, GPIO_PinState PinState);
      |      ^~~~~~~~~~~~~~~~~
make: *** [Core/Src/subdir.mk:49: Core/Src/IOLed.o] Error 1
"make -j4 all" terminated with exit code 2. Build might be incomplete.
10:32:32 **** Incremental Build of configuration Debug for project trafficLight ****
make -j4 all 
arm-none-eabi-gcc "../Core/Src/IOLed.c" -mcpu=cortex-m3 -std=gnu11 -g3 -DDEBUG -DUSE_HAL_DRIVER -DSTM32F103x6 -c -I../Core/Inc -I../Drivers/STM32F1xx_HAL_Driver/Inc -I../Drivers/STM32F1xx_HAL_Driver/Inc/Legacy -I../Drivers/CMSIS/Device/ST/STM32F1xx/Include -I../Drivers/CMSIS/Include -O0 -ffunction-sections -fdata-sections -Wall -fstack-usage -MMD -MP -MF"Core/Src/IOLed.d" -MT"Core/Src/IOLed.o" --specs=nano.specs -mfloat-abi=soft -mthumb -o "Core/Src/IOLed.o"
arm-none-eabi-gcc -o "trafficLight.elf" @"objects.list"   -mcpu=cortex-m3 -T"E:\221\MCU\MCU_Lab3\trafficLight\STM32F103C6UX_FLASH.ld" --specs=nosys.specs -Wl,-Map="trafficLight.map" -Wl,--gc-sections -static --specs=nano.specs -mfloat-abi=soft -mthumb -Wl,--start-group -lc -lm -Wl,--end-group
Finished building target: trafficLight.elf
 
arm-none-eabi-size   trafficLight.elf 
arm-none-eabi-objdump -h -S  trafficLight.elf  > "trafficLight.list"
arm-none-eabi-objcopy  -O ihex  trafficLight.elf  "trafficLight.hex"
arm-none-eabi-objcopy  -O binary  trafficLight.elf  "trafficLight.bin"
   text	   data	    bss	    dec	    hex	filename
   7360	     28	   1668	   9056	   2360	trafficLight.elf
Finished building: default.size.stdout
 
Finished building: trafficLight.bin
Finished building: trafficLight.hex
Finished building: trafficLight.list
 
 
 
10:42:43 **** Incremental Build of configuration Debug for project trafficLight ****
make -j4 all 
arm-none-eabi-gcc "../Core/Src/IOLed.c" -mcpu=cortex-m3 -std=gnu11 -g3 -DDEBUG -DUSE_HAL_DRIVER -DSTM32F103x6 -c -I../Core/Inc -I../Drivers/STM32F1xx_HAL_Driver/Inc -I../Drivers/STM32F1xx_HAL_Driver/Inc/Legacy -I../Drivers/CMSIS/Device/ST/STM32F1xx/Include -I../Drivers/CMSIS/Include -O0 -ffunction-sections -fdata-sections -Wall -fstack-usage -MMD -MP -MF"Core/Src/IOLed.d" -MT"Core/Src/IOLed.o" --specs=nano.specs -mfloat-abi=soft -mthumb -o "Core/Src/IOLed.o"
arm-none-eabi-gcc "../Core/Src/software_timer.c" -mcpu=cortex-m3 -std=gnu11 -g3 -DDEBUG -DUSE_HAL_DRIVER -DSTM32F103x6 -c -I../Core/Inc -I../Drivers/STM32F1xx_HAL_Driver/Inc -I../Drivers/STM32F1xx_HAL_Driver/Inc/Legacy -I../Drivers/CMSIS/Device/ST/STM32F1xx/Include -I../Drivers/CMSIS/Include -O0 -ffunction-sections -fdata-sections -Wall -fstack-usage -MMD -MP -MF"Core/Src/software_timer.d" -MT"Core/Src/software_timer.o" --specs=nano.specs -mfloat-abi=soft -mthumb -o "Core/Src/software_timer.o"
arm-none-eabi-gcc -o "trafficLight.elf" @"objects.list"   -mcpu=cortex-m3 -T"E:\221\MCU\MCU_Lab3\trafficLight\STM32F103C6UX_FLASH.ld" --specs=nosys.specs -Wl,-Map="trafficLight.map" -Wl,--gc-sections -static --specs=nano.specs -mfloat-abi=soft -mthumb -Wl,--start-group -lc -lm -Wl,--end-group
Finished building target: trafficLight.elf
 
arm-none-eabi-size   trafficLight.elf 
arm-none-eabi-objdump -h -S  trafficLight.elf  > "trafficLight.list"
arm-none-eabi-objcopy  -O ihex  trafficLight.elf  "trafficLight.hex"
arm-none-eabi-objcopy  -O binary  trafficLight.elf  "trafficLight.bin"
   text	   data	    bss	    dec	    hex	filename
   7360	     28	   1668	   9056	   2360	trafficLight.elf
Finished building: default.size.stdout
 
Finished building: trafficLight.hex
Finished building: trafficLight.bin
Finished building: trafficLight.list
 
 
 
10:43:11 **** Incremental Build of configuration Debug for project trafficLight ****
make -j4 all 
arm-none-eabi-gcc "../Core/Src/software_timer.c" -mcpu=cortex-m3 -std=gnu11 -g3 -DDEBUG -DUSE_HAL_DRIVER -DSTM32F103x6 -c -I../Core/Inc -I../Drivers/STM32F1xx_HAL_Driver/Inc -I../Drivers/STM32F1xx_HAL_Driver/Inc/Legacy -I../Drivers/CMSIS/Device/ST/STM32F1xx/Include -I../Drivers/CMSIS/Include -O0 -ffunction-sections -fdata-sections -Wall -fstack-usage -MMD -MP -MF"Core/Src/software_timer.d" -MT"Core/Src/software_timer.o" --specs=nano.specs -mfloat-abi=soft -mthumb -o "Core/Src/software_timer.o"
arm-none-eabi-gcc -o "trafficLight.elf" @"objects.list"   -mcpu=cortex-m3 -T"E:\221\MCU\MCU_Lab3\trafficLight\STM32F103C6UX_FLASH.ld" --specs=nosys.specs -Wl,-Map="trafficLight.map" -Wl,--gc-sections -static --specs=nano.specs -mfloat-abi=soft -mthumb -Wl,--start-group -lc -lm -Wl,--end-group
Finished building target: trafficLight.elf
 
arm-none-eabi-size   trafficLight.elf 
arm-none-eabi-objdump -h -S  trafficLight.elf  > "trafficLight.list"
arm-none-eabi-objcopy  -O ihex  trafficLight.elf  "trafficLight.hex"
arm-none-eabi-objcopy  -O binary  trafficLight.elf  "trafficLight.bin"
   text	   data	    bss	    dec	    hex	filename
   7360	     28	   1668	   9056	   2360	trafficLight.elf
Finished building: default.size.stdout
 
Finished building: trafficLight.bin
Finished building: trafficLight.hex
 
Finished building: trafficLight.list
 
 
10:45:32 **** Incremental Build of configuration Debug for project trafficLight ****
make -j4 all 
arm-none-eabi-gcc "../Drivers/STM32F1xx_HAL_Driver/Src/stm32f1xx_hal.c" -mcpu=cortex-m3 -std=gnu11 -g3 -DDEBUG -DUSE_HAL_DRIVER -DSTM32F103x6 -c -I../Core/Inc -I../Drivers/STM32F1xx_HAL_Driver/Inc -I../Drivers/STM32F1xx_HAL_Driver/Inc/Legacy -I../Drivers/CMSIS/Device/ST/STM32F1xx/Include -I../Drivers/CMSIS/Include -O0 -ffunction-sections -fdata-sections -Wall -fstack-usage -MMD -MP -MF"Drivers/STM32F1xx_HAL_Driver/Src/stm32f1xx_hal.d" -MT"Drivers/STM32F1xx_HAL_Driver/Src/stm32f1xx_hal.o" --specs=nano.specs -mfloat-abi=soft -mthumb -o "Drivers/STM32F1xx_HAL_Driver/Src/stm32f1xx_hal.o"
arm-none-eabi-gcc "../Drivers/STM32F1xx_HAL_Driver/Src/stm32f1xx_hal_cortex.c" -mcpu=cortex-m3 -std=gnu11 -g3 -DDEBUG -DUSE_HAL_DRIVER -DSTM32F103x6 -c -I../Core/Inc -I../Drivers/STM32F1xx_HAL_Driver/Inc -I../Drivers/STM32F1xx_HAL_Driver/Inc/Legacy -I../Drivers/CMSIS/Device/ST/STM32F1xx/Include -I../Drivers/CMSIS/Include -O0 -ffunction-sections -fdata-sections -Wall -fstack-usage -MMD -MP -MF"Drivers/STM32F1xx_HAL_Driver/Src/stm32f1xx_hal_cortex.d" -MT"Drivers/STM32F1xx_HAL_Driver/Src/stm32f1xx_hal_cortex.o" --specs=nano.specs -mfloat-abi=soft -mthumb -o "Drivers/STM32F1xx_HAL_Driver/Src/stm32f1xx_hal_cortex.o"
arm-none-eabi-gcc "../Drivers/STM32F1xx_HAL_Driver/Src/stm32f1xx_hal_dma.c" -mcpu=cortex-m3 -std=gnu11 -g3 -DDEBUG -DUSE_HAL_DRIVER -DSTM32F103x6 -c -I../Core/Inc -I../Drivers/STM32F1xx_HAL_Driver/Inc -I../Drivers/STM32F1xx_HAL_Driver/Inc/Legacy -I../Drivers/CMSIS/Device/ST/STM32F1xx/Include -I../Drivers/CMSIS/Include -O0 -ffunction-sections -fdata-sections -Wall -fstack-usage -MMD -MP -MF"Drivers/STM32F1xx_HAL_Driver/Src/stm32f1xx_hal_dma.d" -MT"Drivers/STM32F1xx_HAL_Driver/Src/stm32f1xx_hal_dma.o" --specs=nano.specs -mfloat-abi=soft -mthumb -o "Drivers/STM32F1xx_HAL_Driver/Src/stm32f1xx_hal_dma.o"
[...]
arm-none-eabi-objcopy  -O binary  trafficLight.elf  "trafficLight.bin"
Finished building: default.size.stdout
 
Finished building: trafficLight.hex
Finished building: trafficLight.bin
 
Finished building: trafficLight.list
 
 
21:26:30 **** Incremental Build of configuration Debug for project trafficLight ****
make -j4 all 
arm-none-eabi-gcc "../Core/Src/fsm_mode.c" -mcpu=cortex-m3 -std=gnu11 -g3 -DDEBUG -DUSE_HAL_DRIVER -DSTM32F103x6 -c -I../Core/Inc -I../Drivers/STM32F1xx_HAL_Driver/Inc -I../Drivers/STM32F1xx_HAL_Driver/Inc/Legacy -I../Drivers/CMSIS/Device/ST/STM32F1xx/Include -I../Drivers/CMSIS/Include -O0 -ffunction-sections -fdata-sections -Wall -fstack-usage -MMD -MP -MF"Core/Src/fsm_mode.d" -MT"Core/Src/fsm_mode.o" --specs=nano.specs -mfloat-abi=soft -mthumb -o "Core/Src/fsm_mode.o"
arm-none-eabi-gcc "../Core/Src/main.c" -mcpu=cortex-m3 -std=gnu11 -g3 -DDEBUG -DUSE_HAL_DRIVER -DSTM32F103x6 -c -I../Core/Inc -I../Drivers/STM32F1xx_HAL_Driver/Inc -I../Drivers/STM32F1xx_HAL_Driver/Inc/Legacy -I../Drivers/CMSIS/Device/ST/STM32F1xx/Include -I../Drivers/CMSIS/Include -O0 -ffunction-sections -fdata-sections -Wall -fstack-usage -MMD -MP -MF"Core/Src/main.d" -MT"Core/Src/main.o" --specs=nano.specs -mfloat-abi=soft -mthumb -o "Core/Src/main.o"
../Core/Src/main.c: In function 'main':
../Core/Src/main.c:107:3: warning: implicit declaration of function 'fsm_mode_processing' [-Wimplicit-function-declaration]
  107 |   fsm_mode_processing();
      |   ^~~~~~~~~~~~~~~~~~~
arm-none-eabi-gcc -o "trafficLight.elf" @"objects.list"   -mcpu=cortex-m3 -T"E:\221\MCU\MCU_Lab3\trafficLight\STM32F103C6UX_FLASH.ld" --specs=nosys.specs -Wl,-Map="trafficLight.map" -Wl,--gc-sections -static --specs=nano.specs -mfloat-abi=soft -mthumb -Wl,--start-group -lc -lm -Wl,--end-group
Finished building target: trafficLight.elf
 
arm-none-eabi-size   trafficLight.elf 
arm-none-eabi-objdump -h -S  trafficLight.elf  > "trafficLight.list"
arm-none-eabi-objcopy  -O ihex  trafficLight.elf  "trafficLight.hex"
arm-none-eabi-objcopy  -O binary  trafficLight.elf  "trafficLight.bin"
   text	   data	    bss	    dec	    hex	filename
  10628	     52	   1716	  12396	   306c	trafficLight.elf
Finished building: default.size.stdout
 
Finished building: trafficLight.hex
Finished building: trafficLight.bin
Finished building: trafficLight.list
 
 
 
21:28:52 **** Incremental Build of configuration Debug for project trafficLight ****
make -j4 all 
arm-none-eabi-gcc "../Core/Src/fsm_mode.c" -mcpu=cortex-m3 -std=gnu11 -g3 -DDEBUG -DUSE_HAL_DRIVER -DSTM32F103x6 -c -I../Core/Inc -I../Drivers/STM32F1xx_HAL_Driver/Inc -I../Drivers/STM32F1xx_HAL_Driver/Inc/Legacy -I../Drivers/CMSIS/Device/ST/STM32F1xx/Include -I../Drivers/CMSIS/Include -O0 -ffunction-sections -fdata-sections -Wall -fstack-usage -MMD -MP -MF"Core/Src/fsm_mode.d" -MT"Core/Src/fsm_mode.o" --specs=nano.specs -mfloat-abi=soft -mthumb -o "Core/Src/fsm_mode.o"
arm-none-eabi-gcc -o "trafficLight.elf" @"objects.list"   -mcpu=cortex-m3 -T"E:\221\MCU\MCU_Lab3\trafficLight\STM32F103C6UX_FLASH.ld" --specs=nosys.specs -Wl,-Map="trafficLight.map" -Wl,--gc-sections -static --specs=nano.specs -mfloat-abi=soft -mthumb -Wl,--start-group -lc -lm -Wl,--end-group
Finished building target: trafficLight.elf
 
arm-none-eabi-size   trafficLight.elf 
arm-none-eabi-objdump -h -S  trafficLight.elf  > "trafficLight.list"
arm-none-eabi-objcopy  -O ihex  trafficLight.elf  "trafficLight.hex"
arm-none-eabi-objcopy  -O binary  trafficLight.elf  "trafficLight.bin"
   text	   data	    bss	    dec	    hex	filename
  10640	     52	   1716	  12408	   3078	trafficLight.elf
Finished building: default.size.stdout
 
Finished building: trafficLight.hex
Finished building: trafficLight.bin
 
Finished building: trafficLight.list
 
 
21:38:33 **** Incremental Build of configuration Debug for project trafficLight ****
make -j4 all 
arm-none-eabi-gcc "../Core/Src/fsm_mode.c" -mcpu=cortex-m3 -std=gnu11 -g3 -DDEBUG -DUSE_HAL_DRIVER -DSTM32F103x6 -c -I../Core/Inc -I../Drivers/STM32F1xx_HAL_Driver/Inc -I../Drivers/STM32F1xx_HAL_Driver/Inc/Legacy -I../Drivers/CMSIS/Device/ST/STM32F1xx/Include -I../Drivers/CMSIS/Include -O0 -ffunction-sections -fdata-sections -Wall -fstack-usage -MMD -MP -MF"Core/Src/fsm_mode.d" -MT"Core/Src/fsm_mode.o" --specs=nano.specs -mfloat-abi=soft -mthumb -o "Core/Src/fsm_mode.o"
arm-none-eabi-gcc -o "trafficLight.elf" @"objects.list"   -mcpu=cortex-m3 -T"E:\221\MCU\MCU_Lab3\trafficLight\STM32F103C6UX_FLASH.ld" --specs=nosys.specs -Wl,-Map="trafficLight.map" -Wl,--gc-sections -static --specs=nano.specs -mfloat-abi=soft -mthumb -Wl,--start-group -lc -lm -Wl,--end-group
Finished building target: trafficLight.elf
 
arm-none-eabi-size   trafficLight.elf 
arm-none-eabi-objdump -h -S  trafficLight.elf  > "trafficLight.list"
arm-none-eabi-objcopy  -O ihex  trafficLight.elf  "trafficLight.hex"
arm-none-eabi-objcopy  -O binary  trafficLight.elf  "trafficLight.bin"
   text	   data	    bss	    dec	    hex	filename
  10640	     52	   1716	  12408	   3078	trafficLight.elf
Finished building: default.size.stdout
Finished building: trafficLight.hex
 
Finished building: trafficLight.list
Finished building: trafficLight.bin
 
 
 
21:44:55 **** Incremental Build of configuration Debug for project trafficLight ****
make -j4 all 
arm-none-eabi-gcc "../Core/Src/input_reading.c" -mcpu=cortex-m3 -std=gnu11 -g3 -DDEBUG -DUSE_HAL_DRIVER -DSTM32F103x6 -c -I../Core/Inc -I../Drivers/STM32F1xx_HAL_Driver/Inc -I../Drivers/STM32F1xx_HAL_Driver/Inc/Legacy -I../Drivers/CMSIS/Device/ST/STM32F1xx/Include -I../Drivers/CMSIS/Include -O0 -ffunction-sections -fdata-sections -Wall -fstack-usage -MMD -MP -MF"Core/Src/input_reading.d" -MT"Core/Src/input_reading.o" --specs=nano.specs -mfloat-abi=soft -mthumb -o "Core/Src/input_reading.o"
../Core/Src/input_reading.c: In function 'button_reading':
../Core/Src/input_reading.c:30:24: warning: array subscript has type 'char' [-Wchar-subscripts]
   30 |   debounceButtonBuffer2[i] =debounceButtonBuffer1[i];
      |                        ^
../Core/Src/input_reading.c:30:50: warning: array subscript has type 'char' [-Wchar-subscripts]
   30 |   debounceButtonBuffer2[i] =debounceButtonBuffer1[i];
      |                                                  ^
../Core/Src/input_reading.c:33:26: warning: array subscript has type 'char' [-Wchar-subscripts]
   33 |     debounceButtonBuffer1[i] = HAL_GPIO_ReadPin(BUTTON_1_GPIO_Port, BUTTON_1_Pin);
      |                          ^
../Core/Src/input_reading.c:36:26: warning: array subscript has type 'char' [-Wchar-subscripts]
   36 |     debounceButtonBuffer1[i] = HAL_GPIO_ReadPin(BUTTON_2_GPIO_Port, BUTTON_2_Pin);
      |                          ^
../Core/Src/input_reading.c:39:26: warning: array subscript has type 'char' [-Wchar-subscripts]
   39 |     debounceButtonBuffer1[i] = HAL_GPIO_ReadPin(BUTTON_3_GPIO_Port, BUTTON_3_Pin);
      |                          ^
../Core/Src/input_reading.c:45:27: warning: array subscript has type 'char' [-Wchar-subscripts]
   45 |   if(debounceButtonBuffer1[i] == debounceButtonBuffer2[i])
      |                           ^
../Core/Src/input_reading.c:45:55: warning: array subscript has type 'char' [-Wchar-subscripts]
   45 |   if(debounceButtonBuffer1[i] == debounceButtonBuffer2[i])
      |                                                       ^
../Core/Src/input_reading.c:46:16: warning: array subscript has type 'char' [-Wchar-subscripts]
   46 |    buttonBuffer[i] = debounceButtonBuffer1[i];
      |                ^
../Core/Src/input_reading.c:46:43: warning: array subscript has type 'char' [-Wchar-subscripts]
   46 |    buttonBuffer[i] = debounceButtonBuffer1[i];
      |                                           ^
../Core/Src/input_reading.c:45:3: warning: this 'if' clause does not guard... [-Wmisleading-indentation]
   45 |   if(debounceButtonBuffer1[i] == debounceButtonBuffer2[i])
      |   ^~
../Core/Src/input_reading.c:47:4: note: ...this statement, but the latter is misleadingly indented as if it were guarded by the 'if'
   47 |    if(buttonBuffer[i] == BUTTON_IS_PRESSED){
      |    ^~
../Core/Src/input_reading.c:47:19: warning: array subscript has type 'char' [-Wchar-subscripts]
   47 |    if(buttonBuffer[i] == BUTTON_IS_PRESSED){
      |                   ^
../Core/Src/input_reading.c:49:31: warning: array subscript has type 'char' [-Wchar-subscripts]
   49 |     if(counterForButtonPress1s[i] < DURATION_FOR_AUTO_INCREASING){
      |                               ^
../Core/Src/input_reading.c:50:29: warning: array subscript has type 'char' [-Wchar-subscripts]
   50 |      counterForButtonPress1s[i]++;
      |                             ^
../Core/Src/input_reading.c:55:26: warning: array subscript has type 'char' [-Wchar-subscripts]
   55 |      flagForButtonPress1s[i] = 1;
      |                          ^
../Core/Src/input_reading.c:59:28: warning: array subscript has type 'char' [-Wchar-subscripts]
   59 |     counterForButtonPress1s[i] = 0;
      |                            ^
../Core/Src/input_reading.c:60:25: warning: array subscript has type 'char' [-Wchar-subscripts]
   60 |     flagForButtonPress1s[i] = 0;
      |                         ^
arm-none-eabi-gcc -o "trafficLight.elf" @"objects.list"   -mcpu=cortex-m3 -T"E:\221\MCU\MCU_Lab3\trafficLight\STM32F103C6UX_FLASH.ld" --specs=nosys.specs -Wl,-Map="trafficLight.map" -Wl,--gc-sections -static --specs=nano.specs -mfloat-abi=soft -mthumb -Wl,--start-group -lc -lm -Wl,--end-group
Finished building target: trafficLight.elf
 
arm-none-eabi-size   trafficLight.elf 
arm-none-eabi-objdump -h -S  trafficLight.elf  > "trafficLight.list"
arm-none-eabi-objcopy  -O ihex  trafficLight.elf  "trafficLight.hex"
   text	   data	    bss	    dec	    hex	filename
  10708	     52	   1716	  12476	   30bc	trafficLight.elf
arm-none-eabi-objcopy  -O binary  trafficLight.elf  "trafficLight.bin"
Finished building: default.size.stdout
 
Finished building: trafficLight.hex
Finished building: trafficLight.list
Finished building: trafficLight.bin
 
 
 
21:45:46 **** Incremental Build of configuration Debug for project trafficLight ****
make -j4 all 
arm-none-eabi-gcc "../Core/Src/fsm_mode.c" -mcpu=cortex-m3 -std=gnu11 -g3 -DDEBUG -DUSE_HAL_DRIVER -DSTM32F103x6 -c -I../Core/Inc -I../Drivers/STM32F1xx_HAL_Driver/Inc -I../Drivers/STM32F1xx_HAL_Driver/Inc/Legacy -I../Drivers/CMSIS/Device/ST/STM32F1xx/Include -I../Drivers/CMSIS/Include -O0 -ffunction-sections -fdata-sections -Wall -fstack-usage -MMD -MP -MF"Core/Src/fsm_mode.d" -MT"Core/Src/fsm_mode.o" --specs=nano.specs -mfloat-abi=soft -mthumb -o "Core/Src/fsm_mode.o"
arm-none-eabi-gcc -o "trafficLight.elf" @"objects.list"   -mcpu=cortex-m3 -T"E:\221\MCU\MCU_Lab3\trafficLight\STM32F103C6UX_FLASH.ld" --specs=nosys.specs -Wl,-Map="trafficLight.map" -Wl,--gc-sections -static --specs=nano.specs -mfloat-abi=soft -mthumb -Wl,--start-group -lc -lm -Wl,--end-group
Finished building target: trafficLight.elf
 
arm-none-eabi-size   trafficLight.elf 
arm-none-eabi-objdump -h -S  trafficLight.elf  > "trafficLight.list"
arm-none-eabi-objcopy  -O ihex  trafficLight.elf  "trafficLight.hex"
   text	   data	    bss	    dec	    hex	filename
  10708	     52	   1716	  12476	   30bc	trafficLight.elf
arm-none-eabi-objcopy  -O binary  trafficLight.elf  "trafficLight.bin"
Finished building: default.size.stdout
 
Finished building: trafficLight.bin
Finished building: trafficLight.hex
Finished building: trafficLight.list
 
 
 
21:54:19 **** Incremental Build of configuration Debug for project trafficLight ****
make -j4 all 
arm-none-eabi-gcc "../Core/Src/fsm_mode.c" -mcpu=cortex-m3 -std=gnu11 -g3 -DDEBUG -DUSE_HAL_DRIVER -DSTM32F103x6 -c -I../Core/Inc -I../Drivers/STM32F1xx_HAL_Driver/Inc -I../Drivers/STM32F1xx_HAL_Driver/Inc/Legacy -I../Drivers/CMSIS/Device/ST/STM32F1xx/Include -I../Drivers/CMSIS/Include -O0 -ffunction-sections -fdata-sections -Wall -fstack-usage -MMD -MP -MF"Core/Src/fsm_mode.d" -MT"Core/Src/fsm_mode.o" --specs=nano.specs -mfloat-abi=soft -mthumb -o "Core/Src/fsm_mode.o"
arm-none-eabi-gcc -o "trafficLight.elf" @"objects.list"   -mcpu=cortex-m3 -T"E:\221\MCU\MCU_Lab3\trafficLight\STM32F103C6UX_FLASH.ld" --specs=nosys.specs -Wl,-Map="trafficLight.map" -Wl,--gc-sections -static --specs=nano.specs -mfloat-abi=soft -mthumb -Wl,--start-group -lc -lm -Wl,--end-group
Finished building target: trafficLight.elf
 
arm-none-eabi-size   trafficLight.elf 
arm-none-eabi-objdump -h -S  trafficLight.elf  > "trafficLight.list"
arm-none-eabi-objcopy  -O ihex  trafficLight.elf  "trafficLight.hex"
   text	   data	    bss	    dec	    hex	filename
  10972	     52	   1716	  12740	   31c4	trafficLight.elf
arm-none-eabi-objcopy  -O binary  trafficLight.elf  "trafficLight.bin"
Finished building: default.size.stdout
 
Finished building: trafficLight.hex
Finished building: trafficLight.bin
Finished building: trafficLight.list
 
 
 
21:56:40 **** Incremental Build of configuration Debug for project trafficLight ****
make -j4 all 
arm-none-eabi-gcc "../Core/Src/fsm_mode.c" -mcpu=cortex-m3 -std=gnu11 -g3 -DDEBUG -DUSE_HAL_DRIVER -DSTM32F103x6 -c -I../Core/Inc -I../Drivers/STM32F1xx_HAL_Driver/Inc -I../Drivers/STM32F1xx_HAL_Driver/Inc/Legacy -I../Drivers/CMSIS/Device/ST/STM32F1xx/Include -I../Drivers/CMSIS/Include -O0 -ffunction-sections -fdata-sections -Wall -fstack-usage -MMD -MP -MF"Core/Src/fsm_mode.d" -MT"Core/Src/fsm_mode.o" --specs=nano.specs -mfloat-abi=soft -mthumb -o "Core/Src/fsm_mode.o"
arm-none-eabi-gcc -o "trafficLight.elf" @"objects.list"   -mcpu=cortex-m3 -T"E:\221\MCU\MCU_Lab3\trafficLight\STM32F103C6UX_FLASH.ld" --specs=nosys.specs -Wl,-Map="trafficLight.map" -Wl,--gc-sections -static --specs=nano.specs -mfloat-abi=soft -mthumb -Wl,--start-group -lc -lm -Wl,--end-group
Finished building target: trafficLight.elf
 
arm-none-eabi-size   trafficLight.elf 
arm-none-eabi-objdump -h -S  trafficLight.elf  > "trafficLight.list"
arm-none-eabi-objcopy  -O ihex  trafficLight.elf  "trafficLight.hex"
   text	   data	    bss	    dec	    hex	filename
  10972	     52	   1716	  12740	   31c4	trafficLight.elf
arm-none-eabi-objcopy  -O binary  trafficLight.elf  "trafficLight.bin"
Finished building: default.size.stdout
 
Finished building: trafficLight.bin
Finished building: trafficLight.hex
Finished building: trafficLight.list
 
 
 
22:12:38 **** Incremental Build of configuration Debug for project trafficLight ****
make -j4 all 
arm-none-eabi-gcc "../Core/Src/fsm_mode.c" -mcpu=cortex-m3 -std=gnu11 -g3 -DDEBUG -DUSE_HAL_DRIVER -DSTM32F103x6 -c -I../Core/Inc -I../Drivers/STM32F1xx_HAL_Driver/Inc -I../Drivers/STM32F1xx_HAL_Driver/Inc/Legacy -I../Drivers/CMSIS/Device/ST/STM32F1xx/Include -I../Drivers/CMSIS/Include -O0 -ffunction-sections -fdata-sections -Wall -fstack-usage -MMD -MP -MF"Core/Src/fsm_mode.d" -MT"Core/Src/fsm_mode.o" --specs=nano.specs -mfloat-abi=soft -mthumb -o "Core/Src/fsm_mode.o"
arm-none-eabi-gcc -o "trafficLight.elf" @"objects.list"   -mcpu=cortex-m3 -T"E:\221\MCU\MCU_Lab3\trafficLight\STM32F103C6UX_FLASH.ld" --specs=nosys.specs -Wl,-Map="trafficLight.map" -Wl,--gc-sections -static --specs=nano.specs -mfloat-abi=soft -mthumb -Wl,--start-group -lc -lm -Wl,--end-group
Finished building target: trafficLight.elf
 
arm-none-eabi-size   trafficLight.elf 
arm-none-eabi-objdump -h -S  trafficLight.elf  > "trafficLight.list"
arm-none-eabi-objcopy  -O ihex  trafficLight.elf  "trafficLight.hex"
arm-none-eabi-objcopy  -O binary  trafficLight.elf  "trafficLight.bin"
   text	   data	    bss	    dec	    hex	filename
  11008	     52	   1716	  12776	   31e8	trafficLight.elf
Finished building: default.size.stdout
Finished building: trafficLight.hex
Finished building: trafficLight.list
 
 
Finished building: trafficLight.bin
 
 
22:13:24 **** Incremental Build of configuration Debug for project trafficLight ****
make -j4 all 
arm-none-eabi-gcc "../Core/Src/fsm_mode.c" -mcpu=cortex-m3 -std=gnu11 -g3 -DDEBUG -DUSE_HAL_DRIVER -DSTM32F103x6 -c -I../Core/Inc -I../Drivers/STM32F1xx_HAL_Driver/Inc -I../Drivers/STM32F1xx_HAL_Driver/Inc/Legacy -I../Drivers/CMSIS/Device/ST/STM32F1xx/Include -I../Drivers/CMSIS/Include -O0 -ffunction-sections -fdata-sections -Wall -fstack-usage -MMD -MP -MF"Core/Src/fsm_mode.d" -MT"Core/Src/fsm_mode.o" --specs=nano.specs -mfloat-abi=soft -mthumb -o "Core/Src/fsm_mode.o"
arm-none-eabi-gcc -o "trafficLight.elf" @"objects.list"   -mcpu=cortex-m3 -T"E:\221\MCU\MCU_Lab3\trafficLight\STM32F103C6UX_FLASH.ld" --specs=nosys.specs -Wl,-Map="trafficLight.map" -Wl,--gc-sections -static --specs=nano.specs -mfloat-abi=soft -mthumb -Wl,--start-group -lc -lm -Wl,--end-group
Finished building target: trafficLight.elf
 
arm-none-eabi-size   trafficLight.elf 
arm-none-eabi-objdump -h -S  trafficLight.elf  > "trafficLight.list"
arm-none-eabi-objcopy  -O ihex  trafficLight.elf  "trafficLight.hex"
arm-none-eabi-objcopy  -O binary  trafficLight.elf  "trafficLight.bin"
   text	   data	    bss	    dec	    hex	filename
  11008	     52	   1716	  12776	   31e8	trafficLight.elf
Finished building: default.size.stdout
 
Finished building: trafficLight.hex
Finished building: trafficLight.bin
Finished building: trafficLight.list
 
 
 
22:14:23 **** Incremental Build of configuration Debug for project trafficLight ****
make -j4 all 
arm-none-eabi-gcc "../Core/Src/fsm_mode.c" -mcpu=cortex-m3 -std=gnu11 -g3 -DDEBUG -DUSE_HAL_DRIVER -DSTM32F103x6 -c -I../Core/Inc -I../Drivers/STM32F1xx_HAL_Driver/Inc -I../Drivers/STM32F1xx_HAL_Driver/Inc/Legacy -I../Drivers/CMSIS/Device/ST/STM32F1xx/Include -I../Drivers/CMSIS/Include -O0 -ffunction-sections -fdata-sections -Wall -fstack-usage -MMD -MP -MF"Core/Src/fsm_mode.d" -MT"Core/Src/fsm_mode.o" --specs=nano.specs -mfloat-abi=soft -mthumb -o "Core/Src/fsm_mode.o"
arm-none-eabi-gcc -o "trafficLight.elf" @"objects.list"   -mcpu=cortex-m3 -T"E:\221\MCU\MCU_Lab3\trafficLight\STM32F103C6UX_FLASH.ld" --specs=nosys.specs -Wl,-Map="trafficLight.map" -Wl,--gc-sections -static --specs=nano.specs -mfloat-abi=soft -mthumb -Wl,--start-group -lc -lm -Wl,--end-group
Finished building target: trafficLight.elf
 
arm-none-eabi-size   trafficLight.elf 
arm-none-eabi-objdump -h -S  trafficLight.elf  > "trafficLight.list"
arm-none-eabi-objcopy  -O ihex  trafficLight.elf  "trafficLight.hex"
arm-none-eabi-objcopy  -O binary  trafficLight.elf  "trafficLight.bin"
   text	   data	    bss	    dec	    hex	filename
  11008	     52	   1716	  12776	   31e8	trafficLight.elf
Finished building: default.size.stdout
 
Finished building: trafficLight.bin
Finished building: trafficLight.hex
 
Finished building: trafficLight.list
 
 
22:24:34 **** Incremental Build of configuration Debug for project trafficLight ****
make -j4 all 
arm-none-eabi-gcc "../Core/Src/fsm_mode.c" -mcpu=cortex-m3 -std=gnu11 -g3 -DDEBUG -DUSE_HAL_DRIVER -DSTM32F103x6 -c -I../Core/Inc -I../Drivers/STM32F1xx_HAL_Driver/Inc -I../Drivers/STM32F1xx_HAL_Driver/Inc/Legacy -I../Drivers/CMSIS/Device/ST/STM32F1xx/Include -I../Drivers/CMSIS/Include -O0 -ffunction-sections -fdata-sections -Wall -fstack-usage -MMD -MP -MF"Core/Src/fsm_mode.d" -MT"Core/Src/fsm_mode.o" --specs=nano.specs -mfloat-abi=soft -mthumb -o "Core/Src/fsm_mode.o"
arm-none-eabi-gcc -o "trafficLight.elf" @"objects.list"   -mcpu=cortex-m3 -T"E:\221\MCU\MCU_Lab3\trafficLight\STM32F103C6UX_FLASH.ld" --specs=nosys.specs -Wl,-Map="trafficLight.map" -Wl,--gc-sections -static --specs=nano.specs -mfloat-abi=soft -mthumb -Wl,--start-group -lc -lm -Wl,--end-group
Finished building target: trafficLight.elf
 
arm-none-eabi-size   trafficLight.elf 
arm-none-eabi-objdump -h -S  trafficLight.elf  > "trafficLight.list"
arm-none-eabi-objcopy  -O ihex  trafficLight.elf  "trafficLight.hex"
arm-none-eabi-objcopy  -O binary  trafficLight.elf  "trafficLight.bin"
   text	   data	    bss	    dec	    hex	filename
  11008	     52	   1716	  12776	   31e8	trafficLight.elf
Finished building: default.size.stdout
 
Finished building: trafficLight.hex
Finished building: trafficLight.bin
 
Finished building: trafficLight.list
 
 
